---
source: tests/edge_cases.rs
expression: llvm_ir
---
; ModuleID = 'main'
source_filename = "main"

; Function Attrs: mustprogress nofree norecurse noreturn nosync nounwind willreturn memory(none)
define noundef i32 @main() local_unnamed_addr #0 {
entry:
  unreachable
}

attributes #0 = { mustprogress nofree norecurse noreturn nosync nounwind willreturn memory(none) }
