---
source: tests/complex_control_flow.rs
expression: llvm_ir
---
; ModuleID = 'main'
source_filename = "main"

@int_format_string = private unnamed_addr constant [4 x i8] c"%d\0A\00", align 1
@float_format_string = private unnamed_addr constant [4 x i8] c"%f\0A\00", align 1
@string_format_string = private unnamed_addr constant [4 x i8] c"%s\0A\00", align 1
@int_format_string.1 = private unnamed_addr constant [4 x i8] c"%d\0A\00", align 1
@float_format_string.2 = private unnamed_addr constant [4 x i8] c"%f\0A\00", align 1
@string_format_string.3 = private unnamed_addr constant [4 x i8] c"%s\0A\00", align 1

define i32 @main() {
entry:
  %j = alloca i64, align 8
  %i = alloca i64, align 8
  store i64 9221120237041090560, ptr %i, align 4
  br label %loop_cond

loop_cond:                                        ; preds = %add_merge116, %entry
  %i1 = load i64, ptr %i, align 4
  %check_qnan = and i64 %i1, 9221120237041090560
  %is_float = icmp ne i64 %check_qnan, 9221120237041090560
  %i64_to_f64 = bitcast i64 %i1 to double
  %extract_payload = and i64 %i1, 281474976710655
  %sign_bit = lshr i64 %extract_payload, 47
  %is_negative = icmp eq i64 %sign_bit, 1
  %sign_extend = or i64 %extract_payload, -281474976710656
  %signed_payload = select i1 %is_negative, i64 %sign_extend, i64 %extract_payload
  %payload_to_f64 = sitofp i64 %signed_payload to double
  %final_payload = select i1 %is_float, double %i64_to_f64, double %payload_to_f64
  %cmptmp = fcmp olt double %final_payload, 3.000000e+00
  %bool_payload = zext i1 %cmptmp to i64
  %pyobject_bool = or i64 9221401712017801216, %bool_payload
  %check_qnan2 = and i64 %pyobject_bool, 9221120237041090560
  %is_float3 = icmp ne i64 %check_qnan2, 9221120237041090560
  %i64_to_f644 = bitcast i64 %pyobject_bool to double
  %extract_payload5 = and i64 %pyobject_bool, 281474976710655
  %sign_bit6 = lshr i64 %extract_payload5, 47
  %is_negative7 = icmp eq i64 %sign_bit6, 1
  %sign_extend8 = or i64 %extract_payload5, -281474976710656
  %signed_payload9 = select i1 %is_negative7, i64 %sign_extend8, i64 %extract_payload5
  %payload_to_f6410 = sitofp i64 %signed_payload9 to double
  %final_payload11 = select i1 %is_float3, double %i64_to_f644, double %payload_to_f6410
  %to_bool = fcmp one double %final_payload11, 0.000000e+00
  br i1 %to_bool, label %loop_body, label %loop_exit

loop_body:                                        ; preds = %loop_cond
  store i64 9221120237041090560, ptr %j, align 4
  br label %loop_cond12

loop_exit:                                        ; preds = %loop_cond
  ret i32 0

loop_cond12:                                      ; preds = %add_merge, %loop_body
  %j15 = load i64, ptr %j, align 4
  %check_qnan16 = and i64 %j15, 9221120237041090560
  %is_float17 = icmp ne i64 %check_qnan16, 9221120237041090560
  %i64_to_f6418 = bitcast i64 %j15 to double
  %extract_payload19 = and i64 %j15, 281474976710655
  %sign_bit20 = lshr i64 %extract_payload19, 47
  %is_negative21 = icmp eq i64 %sign_bit20, 1
  %sign_extend22 = or i64 %extract_payload19, -281474976710656
  %signed_payload23 = select i1 %is_negative21, i64 %sign_extend22, i64 %extract_payload19
  %payload_to_f6424 = sitofp i64 %signed_payload23 to double
  %final_payload25 = select i1 %is_float17, double %i64_to_f6418, double %payload_to_f6424
  %cmptmp26 = fcmp olt double %final_payload25, 3.000000e+00
  %bool_payload27 = zext i1 %cmptmp26 to i64
  %pyobject_bool28 = or i64 9221401712017801216, %bool_payload27
  %check_qnan29 = and i64 %pyobject_bool28, 9221120237041090560
  %is_float30 = icmp ne i64 %check_qnan29, 9221120237041090560
  %i64_to_f6431 = bitcast i64 %pyobject_bool28 to double
  %extract_payload32 = and i64 %pyobject_bool28, 281474976710655
  %sign_bit33 = lshr i64 %extract_payload32, 47
  %is_negative34 = icmp eq i64 %sign_bit33, 1
  %sign_extend35 = or i64 %extract_payload32, -281474976710656
  %signed_payload36 = select i1 %is_negative34, i64 %sign_extend35, i64 %extract_payload32
  %payload_to_f6437 = sitofp i64 %signed_payload36 to double
  %final_payload38 = select i1 %is_float30, double %i64_to_f6431, double %payload_to_f6437
  %to_bool39 = fcmp one double %final_payload38, 0.000000e+00
  br i1 %to_bool39, label %loop_body13, label %loop_exit14

loop_body13:                                      ; preds = %loop_cond12
  %i40 = load i64, ptr %i, align 4
  %j41 = load i64, ptr %j, align 4
  %check_qnan42 = and i64 %i40, 9221120237041090560
  %is_float43 = icmp ne i64 %check_qnan42, 9221120237041090560
  %i64_to_f6444 = bitcast i64 %i40 to double
  %extract_payload45 = and i64 %i40, 281474976710655
  %sign_bit46 = lshr i64 %extract_payload45, 47
  %is_negative47 = icmp eq i64 %sign_bit46, 1
  %sign_extend48 = or i64 %extract_payload45, -281474976710656
  %signed_payload49 = select i1 %is_negative47, i64 %sign_extend48, i64 %extract_payload45
  %payload_to_f6450 = sitofp i64 %signed_payload49 to double
  %final_payload51 = select i1 %is_float43, double %i64_to_f6444, double %payload_to_f6450
  %check_qnan52 = and i64 %j41, 9221120237041090560
  %is_float53 = icmp ne i64 %check_qnan52, 9221120237041090560
  %i64_to_f6454 = bitcast i64 %j41 to double
  %extract_payload55 = and i64 %j41, 281474976710655
  %sign_bit56 = lshr i64 %extract_payload55, 47
  %is_negative57 = icmp eq i64 %sign_bit56, 1
  %sign_extend58 = or i64 %extract_payload55, -281474976710656
  %signed_payload59 = select i1 %is_negative57, i64 %sign_extend58, i64 %extract_payload55
  %payload_to_f6460 = sitofp i64 %signed_payload59 to double
  %final_payload61 = select i1 %is_float53, double %i64_to_f6454, double %payload_to_f6460
  %cmptmp62 = fcmp oeq double %final_payload51, %final_payload61
  %bool_payload63 = zext i1 %cmptmp62 to i64
  %pyobject_bool64 = or i64 9221401712017801216, %bool_payload63
  %check_qnan65 = and i64 %pyobject_bool64, 9221120237041090560
  %is_float66 = icmp ne i64 %check_qnan65, 9221120237041090560
  %i64_to_f6467 = bitcast i64 %pyobject_bool64 to double
  %extract_payload68 = and i64 %pyobject_bool64, 281474976710655
  %sign_bit69 = lshr i64 %extract_payload68, 47
  %is_negative70 = icmp eq i64 %sign_bit69, 1
  %sign_extend71 = or i64 %extract_payload68, -281474976710656
  %signed_payload72 = select i1 %is_negative70, i64 %sign_extend71, i64 %extract_payload68
  %payload_to_f6473 = sitofp i64 %signed_payload72 to double
  %final_payload74 = select i1 %is_float66, double %i64_to_f6467, double %payload_to_f6473
  %to_bool75 = fcmp one double %final_payload74, 0.000000e+00
  br i1 %to_bool75, label %then, label %else

loop_exit14:                                      ; preds = %loop_cond12
  %i100 = load i64, ptr %i, align 4
  %check_qnan101 = and i64 %i100, 9221120237041090560
  %is_float102 = icmp ne i64 %check_qnan101, 9221120237041090560
  %tag_bits103 = and i64 %i100, 1970324836974592
  %tag104 = lshr i64 %tag_bits103, 48
  %is_bool105 = icmp eq i64 %tag104, 1
  %is_string106 = icmp eq i64 %tag104, 2
  %is_list107 = icmp eq i64 %tag104, 3
  %map_bool108 = select i1 %is_bool105, i64 2, i64 %tag104
  %map_string109 = select i1 %is_string106, i64 3, i64 %map_bool108
  %map_list110 = select i1 %is_list107, i64 4, i64 %map_string109
  %final_tag111 = select i1 %is_float102, i64 1, i64 %map_list110
  %lhs_is_string112 = icmp eq i64 %final_tag111, 3
  %both_strings113 = and i1 %lhs_is_string112, false
  br i1 %both_strings113, label %str_concat114, label %arithmetic115

then:                                             ; preds = %loop_body13
  br i1 false, label %print_string, label %check_int

else:                                             ; preds = %loop_body13
  br i1 false, label %print_string79, label %check_int76

ifcont:                                           ; preds = %print_end80, %print_end
  %j84 = load i64, ptr %j, align 4
  %check_qnan85 = and i64 %j84, 9221120237041090560
  %is_float86 = icmp ne i64 %check_qnan85, 9221120237041090560
  %tag_bits = and i64 %j84, 1970324836974592
  %tag = lshr i64 %tag_bits, 48
  %is_bool = icmp eq i64 %tag, 1
  %is_string = icmp eq i64 %tag, 2
  %is_list = icmp eq i64 %tag, 3
  %map_bool = select i1 %is_bool, i64 2, i64 %tag
  %map_string = select i1 %is_string, i64 3, i64 %map_bool
  %map_list = select i1 %is_list, i64 4, i64 %map_string
  %final_tag = select i1 %is_float86, i64 1, i64 %map_list
  %lhs_is_string = icmp eq i64 %final_tag, 3
  %both_strings = and i1 %lhs_is_string, false
  br i1 %both_strings, label %str_concat, label %arithmetic

check_int:                                        ; preds = %then
  br i1 true, label %print_int, label %print_float

print_int:                                        ; preds = %check_int
  %printf_int = call i32 (ptr, ...) @printf(ptr @int_format_string, i64 1)
  br label %print_end

print_float:                                      ; preds = %check_int
  %printf_float = call i32 (ptr, ...) @printf(ptr @float_format_string, double 1.000000e+00)
  br label %print_end

print_string:                                     ; preds = %then
  %printf_string = call i32 (ptr, ...) @printf(ptr @string_format_string, ptr inttoptr (i64 1 to ptr))
  br label %print_end

print_end:                                        ; preds = %print_string, %print_float, %print_int
  br label %ifcont

check_int76:                                      ; preds = %else
  br i1 true, label %print_int77, label %print_float78

print_int77:                                      ; preds = %check_int76
  %printf_int81 = call i32 (ptr, ...) @printf(ptr @int_format_string.1, i64 0)
  br label %print_end80

print_float78:                                    ; preds = %check_int76
  %printf_float82 = call i32 (ptr, ...) @printf(ptr @float_format_string.2, double 0.000000e+00)
  br label %print_end80

print_string79:                                   ; preds = %else
  %printf_string83 = call i32 (ptr, ...) @printf(ptr @string_format_string.3, ptr null)
  br label %print_end80

print_end80:                                      ; preds = %print_string79, %print_float78, %print_int77
  br label %ifcont

str_concat:                                       ; preds = %ifcont
  %extract_ptr_payload = and i64 %j84, 281474976710655
  %payload_to_ptr = inttoptr i64 %extract_ptr_payload to ptr
  %lhs_len = call i64 @strlen(ptr %payload_to_ptr)
  %rhs_len = call i64 @strlen(ptr inttoptr (i64 1 to ptr))
  %total_len = add i64 %lhs_len, %rhs_len
  %total_size = add i64 %total_len, 1
  %malloc_concat = call ptr @malloc(i64 %total_size)
  %memcpy_lhs = call ptr @memcpy(ptr %malloc_concat, ptr %payload_to_ptr, i64 %lhs_len)
  %rhs_dest = getelementptr i8, ptr %malloc_concat, i64 %lhs_len
  %rhs_copy_len = add i64 %rhs_len, 1
  %memcpy_rhs = call ptr @memcpy(ptr %rhs_dest, ptr inttoptr (i64 1 to ptr), i64 %rhs_copy_len)
  %ptr_to_int = ptrtoint ptr %malloc_concat to i64
  %ptr_payload = and i64 %ptr_to_int, 281474976710655
  %pyobject_string = or i64 9221683186994511872, %ptr_payload
  br label %add_merge

arithmetic:                                       ; preds = %ifcont
  %check_qnan87 = and i64 %j84, 9221120237041090560
  %is_float88 = icmp ne i64 %check_qnan87, 9221120237041090560
  %i64_to_f6489 = bitcast i64 %j84 to double
  %extract_payload90 = and i64 %j84, 281474976710655
  %sign_bit91 = lshr i64 %extract_payload90, 47
  %is_negative92 = icmp eq i64 %sign_bit91, 1
  %sign_extend93 = or i64 %extract_payload90, -281474976710656
  %signed_payload94 = select i1 %is_negative92, i64 %sign_extend93, i64 %extract_payload90
  %payload_to_f6495 = sitofp i64 %signed_payload94 to double
  %final_payload96 = select i1 %is_float88, double %i64_to_f6489, double %payload_to_f6495
  %lhs_is_float = icmp eq i64 %final_tag, 1
  %result_is_float = or i1 %lhs_is_float, false
  %addtmp = fadd double %final_payload96, 1.000000e+00
  %result_tag = select i1 %result_is_float, i64 1, i64 0
  %is_float_tag = icmp eq i64 %result_tag, 1
  %float_to_i64 = bitcast double %addtmp to i64
  %is_bool97 = icmp eq i64 %result_tag, 2
  %is_string98 = icmp eq i64 %result_tag, 3
  %is_list99 = icmp eq i64 %result_tag, 4
  %tag_temp1 = select i1 %is_bool97, i64 1, i64 0
  %tag_temp2 = select i1 %is_string98, i64 2, i64 %tag_temp1
  %internal_tag = select i1 %is_list99, i64 3, i64 %tag_temp2
  %payload_to_i64 = fptosi double %addtmp to i64
  %payload_masked = and i64 %payload_to_i64, 281474976710655
  %tag_shifted = shl i64 %internal_tag, 48
  %with_qnan = or i64 9221120237041090560, %tag_shifted
  %nanboxed = or i64 %with_qnan, %payload_masked
  %pyobject = select i1 %is_float_tag, i64 %float_to_i64, i64 %nanboxed
  br label %add_merge

add_merge:                                        ; preds = %arithmetic, %str_concat
  %add_result = phi i64 [ %pyobject_string, %str_concat ], [ %pyobject, %arithmetic ]
  store i64 %add_result, ptr %j, align 4
  br label %loop_cond12

str_concat114:                                    ; preds = %loop_exit14
  %extract_ptr_payload117 = and i64 %i100, 281474976710655
  %payload_to_ptr118 = inttoptr i64 %extract_ptr_payload117 to ptr
  %lhs_len119 = call i64 @strlen(ptr %payload_to_ptr118)
  %rhs_len120 = call i64 @strlen(ptr inttoptr (i64 1 to ptr))
  %total_len121 = add i64 %lhs_len119, %rhs_len120
  %total_size122 = add i64 %total_len121, 1
  %malloc_concat123 = call ptr @malloc(i64 %total_size122)
  %memcpy_lhs124 = call ptr @memcpy(ptr %malloc_concat123, ptr %payload_to_ptr118, i64 %lhs_len119)
  %rhs_dest125 = getelementptr i8, ptr %malloc_concat123, i64 %lhs_len119
  %rhs_copy_len126 = add i64 %rhs_len120, 1
  %memcpy_rhs127 = call ptr @memcpy(ptr %rhs_dest125, ptr inttoptr (i64 1 to ptr), i64 %rhs_copy_len126)
  %ptr_to_int128 = ptrtoint ptr %malloc_concat123 to i64
  %ptr_payload129 = and i64 %ptr_to_int128, 281474976710655
  %pyobject_string130 = or i64 9221683186994511872, %ptr_payload129
  br label %add_merge116

arithmetic115:                                    ; preds = %loop_exit14
  %check_qnan131 = and i64 %i100, 9221120237041090560
  %is_float132 = icmp ne i64 %check_qnan131, 9221120237041090560
  %i64_to_f64133 = bitcast i64 %i100 to double
  %extract_payload134 = and i64 %i100, 281474976710655
  %sign_bit135 = lshr i64 %extract_payload134, 47
  %is_negative136 = icmp eq i64 %sign_bit135, 1
  %sign_extend137 = or i64 %extract_payload134, -281474976710656
  %signed_payload138 = select i1 %is_negative136, i64 %sign_extend137, i64 %extract_payload134
  %payload_to_f64139 = sitofp i64 %signed_payload138 to double
  %final_payload140 = select i1 %is_float132, double %i64_to_f64133, double %payload_to_f64139
  %lhs_is_float141 = icmp eq i64 %final_tag111, 1
  %result_is_float142 = or i1 %lhs_is_float141, false
  %addtmp143 = fadd double %final_payload140, 1.000000e+00
  %result_tag144 = select i1 %result_is_float142, i64 1, i64 0
  %is_float_tag145 = icmp eq i64 %result_tag144, 1
  %float_to_i64146 = bitcast double %addtmp143 to i64
  %is_bool147 = icmp eq i64 %result_tag144, 2
  %is_string148 = icmp eq i64 %result_tag144, 3
  %is_list149 = icmp eq i64 %result_tag144, 4
  %tag_temp1150 = select i1 %is_bool147, i64 1, i64 0
  %tag_temp2151 = select i1 %is_string148, i64 2, i64 %tag_temp1150
  %internal_tag152 = select i1 %is_list149, i64 3, i64 %tag_temp2151
  %payload_to_i64153 = fptosi double %addtmp143 to i64
  %payload_masked154 = and i64 %payload_to_i64153, 281474976710655
  %tag_shifted155 = shl i64 %internal_tag152, 48
  %with_qnan156 = or i64 9221120237041090560, %tag_shifted155
  %nanboxed157 = or i64 %with_qnan156, %payload_masked154
  %pyobject158 = select i1 %is_float_tag145, i64 %float_to_i64146, i64 %nanboxed157
  br label %add_merge116

add_merge116:                                     ; preds = %arithmetic115, %str_concat114
  %add_result159 = phi i64 [ %pyobject_string130, %str_concat114 ], [ %pyobject158, %arithmetic115 ]
  store i64 %add_result159, ptr %i, align 4
  br label %loop_cond
}

declare i32 @printf(ptr, ...)

declare i64 @strlen(ptr)

declare ptr @malloc(i64)

declare ptr @memcpy(ptr, ptr, i64)
