---
source: tests/numpy.rs
expression: compile(source)
---
; ModuleID = 'main'
source_filename = "main"

@int_format_string.1 = private unnamed_addr constant [4 x i8] c"%d\0A\00", align 1
@float_format_string.2 = private unnamed_addr constant [4 x i8] c"%f\0A\00", align 1

; Function Attrs: nofree nounwind memory(readwrite, argmem: read)
define i64 @scale(i64 %0, i64 %1) local_unnamed_addr #0 {
entry:
  %extract_arr_payload = and i64 %0, 281474976710655
  %payload_to_arr_ptr = inttoptr i64 %extract_arr_payload to ptr
  %size_ptr = getelementptr inbounds i64, ptr %payload_to_arr_ptr, i64 2
  %arr_size = load i64, ptr %size_ptr, align 4
  %data_ptr = getelementptr inbounds i64, ptr %payload_to_arr_ptr, i64 3
  %check_qnan6 = and i64 %1, 9221120237041090560
  %is_float7.not = icmp eq i64 %check_qnan6, 9221120237041090560
  %i64_to_f648 = bitcast i64 %1 to double
  %extract_payload9 = and i64 %1, 281474976710655
  %is_negative11.not = icmp ult i64 %extract_payload9, 140737488355328
  %masksel = select i1 %is_negative11.not, i64 0, i64 -281474976710656
  %signed_payload13 = or disjoint i64 %masksel, %extract_payload9
  %payload_to_f6414 = sitofp i64 %signed_payload13 to double
  %final_payload15 = select i1 %is_float7.not, double %payload_to_f6414, double %i64_to_f648
  %arr_words = shl i64 %arr_size, 3
  %arr_bytes = add i64 %arr_words, 24
  %malloc_arr = tail call ptr @malloc(i64 %arr_bytes)
  store i64 0, ptr %malloc_arr, align 4
  %hdr_ptr21 = getelementptr inbounds i64, ptr %malloc_arr, i64 1
  store i64 1, ptr %hdr_ptr21, align 4
  %hdr_ptr22 = getelementptr inbounds i64, ptr %malloc_arr, i64 2
  store i64 %arr_size, ptr %hdr_ptr22, align 4
  %data_ptr23 = getelementptr inbounds i64, ptr %malloc_arr, i64 3
  %loop_cont27.not = icmp eq i64 %arr_size, 0
  br i1 %loop_cont27.not, label %arr_loop_end, label %arr_loop_body.preheader

arr_loop_body.preheader:                          ; preds = %entry
  %malloc_arr29 = ptrtoint ptr %malloc_arr to i64
  %min.iters.check = icmp ult i64 %arr_size, 4
  %2 = sub i64 %malloc_arr29, %extract_arr_payload
  %diff.check = icmp ult i64 %2, 32
  %or.cond = or i1 %min.iters.check, %diff.check
  br i1 %or.cond, label %arr_loop_body.preheader31, label %vector.ph

vector.ph:                                        ; preds = %arr_loop_body.preheader
  %n.vec = and i64 %arr_size, -4
  %broadcast.splatinsert = insertelement <2 x double> poison, double %final_payload15, i64 0
  %broadcast.splat = shufflevector <2 x double> %broadcast.splatinsert, <2 x double> poison, <2 x i32> zeroinitializer
  br label %vector.body

vector.body:                                      ; preds = %vector.body, %vector.ph
  %index = phi i64 [ 0, %vector.ph ], [ %index.next, %vector.body ]
  %3 = getelementptr inbounds double, ptr %data_ptr, i64 %index
  %4 = getelementptr inbounds double, ptr %3, i64 2
  %wide.load = load <2 x double>, ptr %3, align 8
  %wide.load30 = load <2 x double>, ptr %4, align 8
  %5 = fmul <2 x double> %broadcast.splat, %wide.load
  %6 = fmul <2 x double> %broadcast.splat, %wide.load30
  %7 = getelementptr inbounds double, ptr %data_ptr23, i64 %index
  %8 = getelementptr inbounds double, ptr %7, i64 2
  store <2 x double> %5, ptr %7, align 8
  store <2 x double> %6, ptr %8, align 8
  %index.next = add nuw i64 %index, 4
  %9 = icmp eq i64 %index.next, %n.vec
  br i1 %9, label %middle.block, label %vector.body, !llvm.loop !0

middle.block:                                     ; preds = %vector.body
  %cmp.n = icmp eq i64 %arr_size, %n.vec
  br i1 %cmp.n, label %arr_loop_end, label %arr_loop_body.preheader31

arr_loop_body.preheader31:                        ; preds = %arr_loop_body.preheader, %middle.block
  %i.028.ph = phi i64 [ 0, %arr_loop_body.preheader ], [ %n.vec, %middle.block ]
  br label %arr_loop_body

arr_loop_body:                                    ; preds = %arr_loop_body.preheader31, %arr_loop_body
  %i.028 = phi i64 [ %i_next, %arr_loop_body ], [ %i.028.ph, %arr_loop_body.preheader31 ]
  %elem_ptr = getelementptr inbounds double, ptr %data_ptr, i64 %i.028
  %elem = load double, ptr %elem_ptr, align 8
  %arr_mul = fmul double %final_payload15, %elem
  %elem_ptr25 = getelementptr inbounds double, ptr %data_ptr23, i64 %i.028
  store double %arr_mul, ptr %elem_ptr25, align 8
  %i_next = add nuw i64 %i.028, 1
  %loop_cont = icmp ult i64 %i_next, %arr_size
  br i1 %loop_cont, label %arr_loop_body, label %arr_loop_end, !llvm.loop !3

arr_loop_end:                                     ; preds = %arr_loop_body, %middle.block, %entry
  %arr_ptr_to_int = ptrtoint ptr %malloc_arr to i64
  %arr_ptr_payload = and i64 %arr_ptr_to_int, 281474976710655
  %pyobject_array = or disjoint i64 %arr_ptr_payload, 9222246136947933184
  ret i64 %pyobject_array
}

; Function Attrs: nofree norecurse nosync nounwind memory(read, inaccessiblemem: none)
define i64 @total(i64 %0) local_unnamed_addr #1 {
entry:
  %extract_arr_payload = and i64 %0, 281474976710655
  %payload_to_arr_ptr = inttoptr i64 %extract_arr_payload to ptr
  %size_ptr = getelementptr inbounds i64, ptr %payload_to_arr_ptr, i64 2
  %arr_size = load i64, ptr %size_ptr, align 4
  %data_ptr = getelementptr inbounds i64, ptr %payload_to_arr_ptr, i64 3
  %loop_cont4.not = icmp eq i64 %arr_size, 0
  br i1 %loop_cont4.not, label %arr_loop_end, label %arr_loop_body.preheader

arr_loop_body.preheader:                          ; preds = %entry
  %xtraiter = and i64 %arr_size, 7
  %1 = icmp ult i64 %arr_size, 8
  br i1 %1, label %arr_loop_end.loopexit.unr-lcssa, label %arr_loop_body.preheader.new

arr_loop_body.preheader.new:                      ; preds = %arr_loop_body.preheader
  %unroll_iter = and i64 %arr_size, -8
  br label %arr_loop_body

arr_loop_body:                                    ; preds = %arr_loop_body, %arr_loop_body.preheader.new
  %i.06 = phi i64 [ 0, %arr_loop_body.preheader.new ], [ %i_next.7, %arr_loop_body ]
  %acc.05 = phi double [ 0.000000e+00, %arr_loop_body.preheader.new ], [ %acc_next.7, %arr_loop_body ]
  %niter = phi i64 [ 0, %arr_loop_body.preheader.new ], [ %niter.next.7, %arr_loop_body ]
  %elem_ptr = getelementptr inbounds double, ptr %data_ptr, i64 %i.06
  %elem = load double, ptr %elem_ptr, align 8
  %acc_next = fadd double %acc.05, %elem
  %i_next = or disjoint i64 %i.06, 1
  %elem_ptr.1 = getelementptr inbounds double, ptr %data_ptr, i64 %i_next
  %elem.1 = load double, ptr %elem_ptr.1, align 8
  %acc_next.1 = fadd double %acc_next, %elem.1
  %i_next.1 = or disjoint i64 %i.06, 2
  %elem_ptr.2 = getelementptr inbounds double, ptr %data_ptr, i64 %i_next.1
  %elem.2 = load double, ptr %elem_ptr.2, align 8
  %acc_next.2 = fadd double %acc_next.1, %elem.2
  %i_next.2 = or disjoint i64 %i.06, 3
  %elem_ptr.3 = getelementptr inbounds double, ptr %data_ptr, i64 %i_next.2
  %elem.3 = load double, ptr %elem_ptr.3, align 8
  %acc_next.3 = fadd double %acc_next.2, %elem.3
  %i_next.3 = or disjoint i64 %i.06, 4
  %elem_ptr.4 = getelementptr inbounds double, ptr %data_ptr, i64 %i_next.3
  %elem.4 = load double, ptr %elem_ptr.4, align 8
  %acc_next.4 = fadd double %acc_next.3, %elem.4
  %i_next.4 = or disjoint i64 %i.06, 5
  %elem_ptr.5 = getelementptr inbounds double, ptr %data_ptr, i64 %i_next.4
  %elem.5 = load double, ptr %elem_ptr.5, align 8
  %acc_next.5 = fadd double %acc_next.4, %elem.5
  %i_next.5 = or disjoint i64 %i.06, 6
  %elem_ptr.6 = getelementptr inbounds double, ptr %data_ptr, i64 %i_next.5
  %elem.6 = load double, ptr %elem_ptr.6, align 8
  %acc_next.6 = fadd double %acc_next.5, %elem.6
  %i_next.6 = or disjoint i64 %i.06, 7
  %elem_ptr.7 = getelementptr inbounds double, ptr %data_ptr, i64 %i_next.6
  %elem.7 = load double, ptr %elem_ptr.7, align 8
  %acc_next.7 = fadd double %acc_next.6, %elem.7
  %i_next.7 = add nuw i64 %i.06, 8
  %niter.next.7 = add i64 %niter, 8
  %niter.ncmp.7.not = icmp eq i64 %niter.next.7, %unroll_iter
  br i1 %niter.ncmp.7.not, label %arr_loop_end.loopexit.unr-lcssa, label %arr_loop_body

arr_loop_end.loopexit.unr-lcssa:                  ; preds = %arr_loop_body, %arr_loop_body.preheader
  %acc_next.lcssa.ph = phi double [ undef, %arr_loop_body.preheader ], [ %acc_next.7, %arr_loop_body ]
  %i.06.unr = phi i64 [ 0, %arr_loop_body.preheader ], [ %i_next.7, %arr_loop_body ]
  %acc.05.unr = phi double [ 0.000000e+00, %arr_loop_body.preheader ], [ %acc_next.7, %arr_loop_body ]
  %lcmp.mod.not = icmp eq i64 %xtraiter, 0
  br i1 %lcmp.mod.not, label %arr_loop_end.loopexit, label %arr_loop_body.epil

arr_loop_body.epil:                               ; preds = %arr_loop_end.loopexit.unr-lcssa, %arr_loop_body.epil
  %i.06.epil = phi i64 [ %i_next.epil, %arr_loop_body.epil ], [ %i.06.unr, %arr_loop_end.loopexit.unr-lcssa ]
  %acc.05.epil = phi double [ %acc_next.epil, %arr_loop_body.epil ], [ %acc.05.unr, %arr_loop_end.loopexit.unr-lcssa ]
  %epil.iter = phi i64 [ %epil.iter.next, %arr_loop_body.epil ], [ 0, %arr_loop_end.loopexit.unr-lcssa ]
  %elem_ptr.epil = getelementptr inbounds double, ptr %data_ptr, i64 %i.06.epil
  %elem.epil = load double, ptr %elem_ptr.epil, align 8
  %acc_next.epil = fadd double %acc.05.epil, %elem.epil
  %i_next.epil = add nuw i64 %i.06.epil, 1
  %epil.iter.next = add i64 %epil.iter, 1
  %epil.iter.cmp.not = icmp eq i64 %epil.iter.next, %xtraiter
  br i1 %epil.iter.cmp.not, label %arr_loop_end.loopexit, label %arr_loop_body.epil, !llvm.loop !4

arr_loop_end.loopexit:                            ; preds = %arr_loop_body.epil, %arr_loop_end.loopexit.unr-lcssa
  %acc_next.lcssa = phi double [ %acc_next.lcssa.ph, %arr_loop_end.loopexit.unr-lcssa ], [ %acc_next.epil, %arr_loop_body.epil ]
  %2 = bitcast double %acc_next.lcssa to i64
  br label %arr_loop_end

arr_loop_end:                                     ; preds = %arr_loop_end.loopexit, %entry
  %acc.0.lcssa = phi i64 [ 0, %entry ], [ %2, %arr_loop_end.loopexit ]
  ret i64 %acc.0.lcssa
}

; Function Attrs: mustprogress nofree nounwind willreturn allockind("alloc,uninitialized") allocsize(0) memory(inaccessiblemem: readwrite)
declare noalias noundef ptr @malloc(i64 noundef) local_unnamed_addr #2

; Function Attrs: nofree nounwind
define noundef i32 @main() local_unnamed_addr #3 {
entry:
  %malloc_list = tail call dereferenceable_or_null(32) ptr @malloc(i64 32)
  store i64 3, ptr %malloc_list, align 4
  %elem_ptr_0 = getelementptr inbounds i64, ptr %malloc_list, i64 1
  store i64 4607182418800017408, ptr %elem_ptr_0, align 4
  %elem_ptr_1 = getelementptr inbounds i64, ptr %malloc_list, i64 2
  store i64 4611686018427387904, ptr %elem_ptr_1, align 4
  %elem_ptr_2 = getelementptr inbounds i64, ptr %malloc_list, i64 3
  store i64 4613937818241073152, ptr %elem_ptr_2, align 4
  %ptr_to_int = ptrtoint ptr %malloc_list to i64
  %list_ptr_payload = and i64 %ptr_to_int, 281474976710655
  %payload_to_list_ptr = inttoptr i64 %list_ptr_payload to ptr
  %list_len = load i64, ptr %payload_to_list_ptr, align 4
  %arr_words = shl i64 %list_len, 3
  %arr_bytes = add i64 %arr_words, 24
  %malloc_arr = tail call ptr @malloc(i64 %arr_bytes)
  %malloc_arr75 = ptrtoint ptr %malloc_arr to i64
  store i64 0, ptr %malloc_arr, align 4
  %hdr_ptr2 = getelementptr inbounds i64, ptr %malloc_arr, i64 1
  store i64 1, ptr %hdr_ptr2, align 4
  %hdr_ptr3 = getelementptr inbounds i64, ptr %malloc_arr, i64 2
  store i64 %list_len, ptr %hdr_ptr3, align 4
  %data_ptr = getelementptr inbounds i64, ptr %malloc_arr, i64 3
  %loop_cont73.not = icmp eq i64 %list_len, 0
  br i1 %loop_cont73.not, label %arr_loop_end, label %arr_loop_body.preheader

arr_loop_body.preheader:                          ; preds = %entry
  %min.iters.check = icmp ult i64 %list_len, 6
  br i1 %min.iters.check, label %arr_loop_body.preheader93, label %vector.memcheck

vector.memcheck:                                  ; preds = %arr_loop_body.preheader
  %0 = add i64 %malloc_arr75, 16
  %1 = sub i64 %0, %list_ptr_payload
  %diff.check = icmp ult i64 %1, 16
  br i1 %diff.check, label %arr_loop_body.preheader93, label %vector.ph

vector.ph:                                        ; preds = %vector.memcheck
  %n.vec = and i64 %list_len, -2
  br label %vector.body

vector.body:                                      ; preds = %vector.body, %vector.ph
  %index = phi i64 [ 0, %vector.ph ], [ %index.next, %vector.body ]
  %2 = or disjoint i64 %index, 1
  %3 = getelementptr inbounds i64, ptr %payload_to_list_ptr, i64 %2
  %wide.load = load <2 x i64>, ptr %3, align 4
  %4 = and <2 x i64> %wide.load, <i64 9221120237041090560, i64 9221120237041090560>
  %5 = icmp eq <2 x i64> %4, <i64 9221120237041090560, i64 9221120237041090560>
  %6 = bitcast <2 x i64> %wide.load to <2 x double>
  %7 = and <2 x i64> %wide.load, <i64 281474976710655, i64 281474976710655>
  %8 = icmp ult <2 x i64> %7, <i64 140737488355328, i64 140737488355328>
  %9 = select <2 x i1> %8, <2 x i64> zeroinitializer, <2 x i64> <i64 -281474976710656, i64 -281474976710656>
  %10 = or disjoint <2 x i64> %9, %7
  %11 = sitofp <2 x i64> %10 to <2 x double>
  %12 = select <2 x i1> %5, <2 x double> %11, <2 x double> %6
  %13 = getelementptr inbounds double, ptr %data_ptr, i64 %index
  store <2 x double> %12, ptr %13, align 8
  %index.next = add nuw i64 %index, 2
  %14 = icmp eq i64 %index.next, %n.vec
  br i1 %14, label %middle.block, label %vector.body, !llvm.loop !6

middle.block:                                     ; preds = %vector.body
  %cmp.n = icmp eq i64 %list_len, %n.vec
  br i1 %cmp.n, label %arr_loop_end, label %arr_loop_body.preheader93

arr_loop_body.preheader93:                        ; preds = %vector.memcheck, %arr_loop_body.preheader, %middle.block
  %i.074.ph = phi i64 [ 0, %vector.memcheck ], [ 0, %arr_loop_body.preheader ], [ %n.vec, %middle.block ]
  br label %arr_loop_body

arr_loop_body:                                    ; preds = %arr_loop_body.preheader93, %arr_loop_body
  %i.074 = phi i64 [ %list_idx, %arr_loop_body ], [ %i.074.ph, %arr_loop_body.preheader93 ]
  %list_idx = add nuw i64 %i.074, 1
  %list_elem_ptr = getelementptr inbounds i64, ptr %payload_to_list_ptr, i64 %list_idx
  %boxed_elem = load i64, ptr %list_elem_ptr, align 4
  %check_qnan = and i64 %boxed_elem, 9221120237041090560
  %is_float.not = icmp eq i64 %check_qnan, 9221120237041090560
  %i64_to_f64 = bitcast i64 %boxed_elem to double
  %extract_payload = and i64 %boxed_elem, 281474976710655
  %is_negative.not = icmp ult i64 %extract_payload, 140737488355328
  %masksel63 = select i1 %is_negative.not, i64 0, i64 -281474976710656
  %signed_payload = or disjoint i64 %masksel63, %extract_payload
  %payload_to_f64 = sitofp i64 %signed_payload to double
  %final_payload = select i1 %is_float.not, double %payload_to_f64, double %i64_to_f64
  %elem_ptr = getelementptr inbounds double, ptr %data_ptr, i64 %i.074
  store double %final_payload, ptr %elem_ptr, align 8
  %loop_cont = icmp ult i64 %list_idx, %list_len
  br i1 %loop_cont, label %arr_loop_body, label %arr_loop_end, !llvm.loop !7

arr_loop_end:                                     ; preds = %arr_loop_body, %middle.block, %entry
  %arr_ptr_to_int = ptrtoint ptr %malloc_arr to i64
  %arr_ptr_payload = and i64 %arr_ptr_to_int, 281474976710655
  %payload_to_arr_ptr.i = inttoptr i64 %arr_ptr_payload to ptr
  %size_ptr.i = getelementptr inbounds i64, ptr %payload_to_arr_ptr.i, i64 2
  %arr_size.i = load i64, ptr %size_ptr.i, align 4
  %data_ptr.i = getelementptr inbounds i64, ptr %payload_to_arr_ptr.i, i64 3
  %arr_words.i = shl i64 %arr_size.i, 3
  %arr_bytes.i = add i64 %arr_words.i, 24
  %malloc_arr.i = tail call ptr @malloc(i64 %arr_bytes.i)
  store i64 0, ptr %malloc_arr.i, align 4
  %hdr_ptr21.i = getelementptr inbounds i64, ptr %malloc_arr.i, i64 1
  store i64 1, ptr %hdr_ptr21.i, align 4
  %hdr_ptr22.i = getelementptr inbounds i64, ptr %malloc_arr.i, i64 2
  store i64 %arr_size.i, ptr %hdr_ptr22.i, align 4
  %data_ptr23.i = getelementptr inbounds i64, ptr %malloc_arr.i, i64 3
  %loop_cont27.not.i = icmp eq i64 %arr_size.i, 0
  br i1 %loop_cont27.not.i, label %scale.exit, label %arr_loop_body.i.preheader

arr_loop_body.i.preheader:                        ; preds = %arr_loop_end
  %malloc_arr.i77 = ptrtoint ptr %malloc_arr.i to i64
  %min.iters.check81 = icmp ult i64 %arr_size.i, 4
  %15 = sub i64 %malloc_arr.i77, %arr_ptr_payload
  %diff.check78 = icmp ult i64 %15, 32
  %or.cond = or i1 %min.iters.check81, %diff.check78
  br i1 %or.cond, label %arr_loop_body.i.preheader92, label %vector.ph82

vector.ph82:                                      ; preds = %arr_loop_body.i.preheader
  %n.vec84 = and i64 %arr_size.i, -4
  br label %vector.body87

vector.body87:                                    ; preds = %vector.body87, %vector.ph82
  %index88 = phi i64 [ 0, %vector.ph82 ], [ %index.next91, %vector.body87 ]
  %16 = getelementptr inbounds double, ptr %data_ptr.i, i64 %index88
  %17 = getelementptr inbounds double, ptr %16, i64 2
  %wide.load89 = load <2 x double>, ptr %16, align 8
  %wide.load90 = load <2 x double>, ptr %17, align 8
  %18 = fmul <2 x double> %wide.load89, <double 2.000000e+00, double 2.000000e+00>
  %19 = fmul <2 x double> %wide.load90, <double 2.000000e+00, double 2.000000e+00>
  %20 = getelementptr inbounds double, ptr %data_ptr23.i, i64 %index88
  %21 = getelementptr inbounds double, ptr %20, i64 2
  store <2 x double> %18, ptr %20, align 8
  store <2 x double> %19, ptr %21, align 8
  %index.next91 = add nuw i64 %index88, 4
  %22 = icmp eq i64 %index.next91, %n.vec84
  br i1 %22, label %middle.block79, label %vector.body87, !llvm.loop !8

middle.block79:                                   ; preds = %vector.body87
  %cmp.n86 = icmp eq i64 %arr_size.i, %n.vec84
  br i1 %cmp.n86, label %scale.exit, label %arr_loop_body.i.preheader92

arr_loop_body.i.preheader92:                      ; preds = %arr_loop_body.i.preheader, %middle.block79
  %i.028.i.ph = phi i64 [ 0, %arr_loop_body.i.preheader ], [ %n.vec84, %middle.block79 ]
  br label %arr_loop_body.i

arr_loop_body.i:                                  ; preds = %arr_loop_body.i.preheader92, %arr_loop_body.i
  %i.028.i = phi i64 [ %i_next.i, %arr_loop_body.i ], [ %i.028.i.ph, %arr_loop_body.i.preheader92 ]
  %elem_ptr.i = getelementptr inbounds double, ptr %data_ptr.i, i64 %i.028.i
  %elem.i = load double, ptr %elem_ptr.i, align 8
  %arr_mul.i = fmul double %elem.i, 2.000000e+00
  %elem_ptr25.i = getelementptr inbounds double, ptr %data_ptr23.i, i64 %i.028.i
  store double %arr_mul.i, ptr %elem_ptr25.i, align 8
  %i_next.i = add nuw i64 %i.028.i, 1
  %loop_cont.i = icmp ult i64 %i_next.i, %arr_size.i
  br i1 %loop_cont.i, label %arr_loop_body.i, label %scale.exit, !llvm.loop !9

scale.exit:                                       ; preds = %arr_loop_body.i, %middle.block79, %arr_loop_end
  %arr_ptr_to_int.i = ptrtoint ptr %malloc_arr.i to i64
  %arr_ptr_payload.i = and i64 %arr_ptr_to_int.i, 281474976710655
  %payload_to_arr_ptr = inttoptr i64 %arr_ptr_payload.i to ptr
  %data_ptr7 = getelementptr inbounds i64, ptr %payload_to_arr_ptr, i64 3
  %elem = load double, ptr %data_ptr7, align 8
  %float_as_i64 = bitcast double %elem to i64
  %check_qnan9 = and i64 %float_as_i64, 9221120237041090560
  %is_float10.not = icmp eq i64 %check_qnan9, 9221120237041090560
  %tag_bits = lshr i64 %float_as_i64, 48
  %tag = and i64 %tag_bits, 7
  %is_bool = icmp eq i64 %tag, 1
  %is_string = icmp eq i64 %tag, 2
  %is_list = icmp eq i64 %tag, 3
  %23 = trunc i64 %tag_bits to i3
  %24 = select i1 %is_bool, i3 2, i3 %23
  %25 = select i1 %is_string, i3 3, i3 %24
  %26 = select i1 %is_list, i3 -4, i3 %25
  %extract_payload14 = and i64 %float_as_i64, 281474976710655
  %is_negative16.not = icmp ult i64 %extract_payload14, 140737488355328
  %masksel = select i1 %is_negative16.not, i64 0, i64 -281474976710656
  %signed_payload18 = or disjoint i64 %masksel, %extract_payload14
  %payload_to_f6419 = sitofp i64 %signed_payload18 to double
  %final_payload20 = select i1 %is_float10.not, double %payload_to_f6419, double %elem
  %trunc = select i1 %is_float10.not, i3 %26, i3 1
  switch i3 %trunc, label %print_float [
    i3 3, label %print_string
    i3 0, label %print_int
  ]

print_int:                                        ; preds = %scale.exit
  %to_int = fptosi double %final_payload20 to i64
  %printf_int = tail call i32 (ptr, ...) @printf(ptr nonnull dereferenceable(1) @int_format_string.1, i64 %to_int)
  br label %print_end

print_float:                                      ; preds = %scale.exit
  %printf_float = tail call i32 (ptr, ...) @printf(ptr nonnull dereferenceable(1) @float_format_string.2, double %final_payload20)
  br label %print_end

print_string:                                     ; preds = %scale.exit
  %payload_to_ptr = inttoptr i64 %extract_payload14 to ptr
  %puts = tail call i32 @puts(ptr nonnull dereferenceable(1) %payload_to_ptr)
  br label %print_end

print_end:                                        ; preds = %print_string, %print_float, %print_int
  %size_ptr.i65 = getelementptr inbounds i64, ptr %payload_to_arr_ptr, i64 2
  %arr_size.i66 = load i64, ptr %size_ptr.i65, align 4
  %loop_cont4.not.i = icmp eq i64 %arr_size.i66, 0
  br i1 %loop_cont4.not.i, label %total.exit, label %arr_loop_body.i68.preheader

arr_loop_body.i68.preheader:                      ; preds = %print_end
  %xtraiter = and i64 %arr_size.i66, 7
  %27 = icmp ult i64 %arr_size.i66, 8
  br i1 %27, label %arr_loop_end.loopexit.i.unr-lcssa, label %arr_loop_body.i68.preheader.new

arr_loop_body.i68.preheader.new:                  ; preds = %arr_loop_body.i68.preheader
  %unroll_iter = and i64 %arr_size.i66, -8
  br label %arr_loop_body.i68

arr_loop_body.i68:                                ; preds = %arr_loop_body.i68, %arr_loop_body.i68.preheader.new
  %i.06.i = phi i64 [ 0, %arr_loop_body.i68.preheader.new ], [ %i_next.i71.7, %arr_loop_body.i68 ]
  %acc.05.i = phi double [ 0.000000e+00, %arr_loop_body.i68.preheader.new ], [ %acc_next.i.7, %arr_loop_body.i68 ]
  %niter = phi i64 [ 0, %arr_loop_body.i68.preheader.new ], [ %niter.next.7, %arr_loop_body.i68 ]
  %elem_ptr.i69 = getelementptr inbounds double, ptr %data_ptr7, i64 %i.06.i
  %elem.i70 = load double, ptr %elem_ptr.i69, align 8
  %acc_next.i = fadd double %acc.05.i, %elem.i70
  %i_next.i71 = or disjoint i64 %i.06.i, 1
  %elem_ptr.i69.1 = getelementptr inbounds double, ptr %data_ptr7, i64 %i_next.i71
  %elem.i70.1 = load double, ptr %elem_ptr.i69.1, align 8
  %acc_next.i.1 = fadd double %acc_next.i, %elem.i70.1
  %i_next.i71.1 = or disjoint i64 %i.06.i, 2
  %elem_ptr.i69.2 = getelementptr inbounds double, ptr %data_ptr7, i64 %i_next.i71.1
  %elem.i70.2 = load double, ptr %elem_ptr.i69.2, align 8
  %acc_next.i.2 = fadd double %acc_next.i.1, %elem.i70.2
  %i_next.i71.2 = or disjoint i64 %i.06.i, 3
  %elem_ptr.i69.3 = getelementptr inbounds double, ptr %data_ptr7, i64 %i_next.i71.2
  %elem.i70.3 = load double, ptr %elem_ptr.i69.3, align 8
  %acc_next.i.3 = fadd double %acc_next.i.2, %elem.i70.3
  %i_next.i71.3 = or disjoint i64 %i.06.i, 4
  %elem_ptr.i69.4 = getelementptr inbounds double, ptr %data_ptr7, i64 %i_next.i71.3
  %elem.i70.4 = load double, ptr %elem_ptr.i69.4, align 8
  %acc_next.i.4 = fadd double %acc_next.i.3, %elem.i70.4
  %i_next.i71.4 = or disjoint i64 %i.06.i, 5
  %elem_ptr.i69.5 = getelementptr inbounds double, ptr %data_ptr7, i64 %i_next.i71.4
  %elem.i70.5 = load double, ptr %elem_ptr.i69.5, align 8
  %acc_next.i.5 = fadd double %acc_next.i.4, %elem.i70.5
  %i_next.i71.5 = or disjoint i64 %i.06.i, 6
  %elem_ptr.i69.6 = getelementptr inbounds double, ptr %data_ptr7, i64 %i_next.i71.5
  %elem.i70.6 = load double, ptr %elem_ptr.i69.6, align 8
  %acc_next.i.6 = fadd double %acc_next.i.5, %elem.i70.6
  %i_next.i71.6 = or disjoint i64 %i.06.i, 7
  %elem_ptr.i69.7 = getelementptr inbounds double, ptr %data_ptr7, i64 %i_next.i71.6
  %elem.i70.7 = load double, ptr %elem_ptr.i69.7, align 8
  %acc_next.i.7 = fadd double %acc_next.i.6, %elem.i70.7
  %i_next.i71.7 = add nuw i64 %i.06.i, 8
  %niter.next.7 = add i64 %niter, 8
  %niter.ncmp.7.not = icmp eq i64 %niter.next.7, %unroll_iter
  br i1 %niter.ncmp.7.not, label %arr_loop_end.loopexit.i.unr-lcssa, label %arr_loop_body.i68

arr_loop_end.loopexit.i.unr-lcssa:                ; preds = %arr_loop_body.i68, %arr_loop_body.i68.preheader
  %acc_next.i.lcssa.ph = phi double [ undef, %arr_loop_body.i68.preheader ], [ %acc_next.i.7, %arr_loop_body.i68 ]
  %i.06.i.unr = phi i64 [ 0, %arr_loop_body.i68.preheader ], [ %i_next.i71.7, %arr_loop_body.i68 ]
  %acc.05.i.unr = phi double [ 0.000000e+00, %arr_loop_body.i68.preheader ], [ %acc_next.i.7, %arr_loop_body.i68 ]
  %lcmp.mod.not = icmp eq i64 %xtraiter, 0
  br i1 %lcmp.mod.not, label %arr_loop_end.loopexit.i, label %arr_loop_body.i68.epil

arr_loop_body.i68.epil:                           ; preds = %arr_loop_end.loopexit.i.unr-lcssa, %arr_loop_body.i68.epil
  %i.06.i.epil = phi i64 [ %i_next.i71.epil, %arr_loop_body.i68.epil ], [ %i.06.i.unr, %arr_loop_end.loopexit.i.unr-lcssa ]
  %acc.05.i.epil = phi double [ %acc_next.i.epil, %arr_loop_body.i68.epil ], [ %acc.05.i.unr, %arr_loop_end.loopexit.i.unr-lcssa ]
  %epil.iter = phi i64 [ %epil.iter.next, %arr_loop_body.i68.epil ], [ 0, %arr_loop_end.loopexit.i.unr-lcssa ]
  %elem_ptr.i69.epil = getelementptr inbounds double, ptr %data_ptr7, i64 %i.06.i.epil
  %elem.i70.epil = load double, ptr %elem_ptr.i69.epil, align 8
  %acc_next.i.epil = fadd double %acc.05.i.epil, %elem.i70.epil
  %i_next.i71.epil = add nuw i64 %i.06.i.epil, 1
  %epil.iter.next = add i64 %epil.iter, 1
  %epil.iter.cmp.not = icmp eq i64 %epil.iter.next, %xtraiter
  br i1 %epil.iter.cmp.not, label %arr_loop_end.loopexit.i, label %arr_loop_body.i68.epil, !llvm.loop !10

arr_loop_end.loopexit.i:                          ; preds = %arr_loop_body.i68.epil, %arr_loop_end.loopexit.i.unr-lcssa
  %acc_next.i.lcssa = phi double [ %acc_next.i.lcssa.ph, %arr_loop_end.loopexit.i.unr-lcssa ], [ %acc_next.i.epil, %arr_loop_body.i68.epil ]
  %28 = bitcast double %acc_next.i.lcssa to i64
  br label %total.exit

total.exit:                                       ; preds = %print_end, %arr_loop_end.loopexit.i
  %acc.0.lcssa.i = phi i64 [ 0, %print_end ], [ %28, %arr_loop_end.loopexit.i ]
  %check_qnan24 = and i64 %acc.0.lcssa.i, 9221120237041090560
  %is_float25.not = icmp eq i64 %check_qnan24, 9221120237041090560
  %tag_bits26 = lshr i64 %acc.0.lcssa.i, 48
  %tag27 = and i64 %tag_bits26, 7
  %is_bool28 = icmp eq i64 %tag27, 1
  %is_string29 = icmp eq i64 %tag27, 2
  %is_list30 = icmp eq i64 %tag27, 3
  %29 = trunc i64 %tag_bits26 to i3
  %30 = select i1 %is_bool28, i3 2, i3 %29
  %31 = select i1 %is_string29, i3 3, i3 %30
  %32 = select i1 %is_list30, i3 -4, i3 %31
  %i64_to_f6437 = bitcast i64 %acc.0.lcssa.i to double
  %extract_payload38 = and i64 %acc.0.lcssa.i, 281474976710655
  %is_negative40.not = icmp ult i64 %extract_payload38, 140737488355328
  %masksel60 = select i1 %is_negative40.not, i64 0, i64 -281474976710656
  %signed_payload42 = or disjoint i64 %masksel60, %extract_payload38
  %payload_to_f6443 = sitofp i64 %signed_payload42 to double
  %final_payload44 = select i1 %is_float25.not, double %payload_to_f6443, double %i64_to_f6437
  %trunc61 = select i1 %is_float25.not, i3 %32, i3 1
  switch i3 %trunc61, label %print_float49 [
    i3 3, label %print_string50
    i3 0, label %print_int48
  ]

print_int48:                                      ; preds = %total.exit
  %to_int52 = fptosi double %final_payload44 to i64
  %printf_int53 = tail call i32 (ptr, ...) @printf(ptr nonnull dereferenceable(1) @int_format_string.1, i64 %to_int52)
  br label %print_end51

print_float49:                                    ; preds = %total.exit
  %printf_float54 = tail call i32 (ptr, ...) @printf(ptr nonnull dereferenceable(1) @float_format_string.2, double %final_payload44)
  br label %print_end51

print_string50:                                   ; preds = %total.exit
  %payload_to_ptr56 = inttoptr i64 %extract_payload38 to ptr
  %puts62 = tail call i32 @puts(ptr nonnull dereferenceable(1) %payload_to_ptr56)
  br label %print_end51

print_end51:                                      ; preds = %print_string50, %print_float49, %print_int48
  ret i32 0
}

; Function Attrs: nofree nounwind
declare noundef i32 @printf(ptr nocapture noundef readonly, ...) local_unnamed_addr #3

; Function Attrs: nofree nounwind
declare noundef i32 @puts(ptr nocapture noundef readonly) local_unnamed_addr #3

attributes #0 = { nofree nounwind memory(readwrite, argmem: read) }
attributes #1 = { nofree norecurse nosync nounwind memory(read, inaccessiblemem: none) }
attributes #2 = { mustprogress nofree nounwind willreturn allockind("alloc,uninitialized") allocsize(0) memory(inaccessiblemem: readwrite) "alloc-family"="malloc" }
attributes #3 = { nofree nounwind }

!0 = distinct !{!0, !1, !2}
!1 = !{!"llvm.loop.isvectorized", i32 1}
!2 = !{!"llvm.loop.unroll.runtime.disable"}
!3 = distinct !{!3, !1}
!4 = distinct !{!4, !5}
!5 = !{!"llvm.loop.unroll.disable"}
!6 = distinct !{!6, !1, !2}
!7 = distinct !{!7, !1}
!8 = distinct !{!8, !1, !2}
!9 = distinct !{!9, !1}
!10 = distinct !{!10, !5}
