---
source: tests/numpy.rs
expression: compile(source)
---
; ModuleID = 'main'
source_filename = "main"

@int_format_string.1 = private unnamed_addr constant [4 x i8] c"%d\0A\00", align 1

; Function Attrs: nofree nounwind
define noundef i32 @main() local_unnamed_addr #0 {
entry:
  %malloc_arr = tail call dereferenceable_or_null(64) ptr @malloc(i64 64)
  store i64 1, ptr %malloc_arr, align 4
  %hdr_ptr1 = getelementptr inbounds i64, ptr %malloc_arr, i64 1
  store i64 1, ptr %hdr_ptr1, align 4
  %hdr_ptr2 = getelementptr inbounds i64, ptr %malloc_arr, i64 2
  store i64 5, ptr %hdr_ptr2, align 4
  %data_ptr = getelementptr inbounds i64, ptr %malloc_arr, i64 3
  store i64 0, ptr %data_ptr, align 4
  %elem_ptr.1 = getelementptr inbounds i64, ptr %malloc_arr, i64 4
  store i64 1, ptr %elem_ptr.1, align 4
  %elem_ptr.2 = getelementptr inbounds i64, ptr %malloc_arr, i64 5
  store i64 2, ptr %elem_ptr.2, align 4
  %elem_ptr.3 = getelementptr inbounds i64, ptr %malloc_arr, i64 6
  store i64 3, ptr %elem_ptr.3, align 4
  %elem_ptr.4 = getelementptr inbounds i64, ptr %malloc_arr, i64 7
  store i64 4, ptr %elem_ptr.4, align 4
  %arr_ptr_to_int = ptrtoint ptr %malloc_arr to i64
  %arr_ptr_payload = and i64 %arr_ptr_to_int, 281474976710655
  %payload_to_arr_ptr = inttoptr i64 %arr_ptr_payload to ptr
  %size_ptr = getelementptr inbounds i64, ptr %payload_to_arr_ptr, i64 2
  %arr_size = load i64, ptr %size_ptr, align 4
  %data_ptr5 = getelementptr inbounds i64, ptr %payload_to_arr_ptr, i64 3
  %arr_words = shl i64 %arr_size, 3
  %arr_bytes = add i64 %arr_words, 24
  %malloc_arr9 = tail call ptr @malloc(i64 %arr_bytes)
  store i64 1, ptr %malloc_arr9, align 4
  %hdr_ptr11 = getelementptr inbounds i64, ptr %malloc_arr9, i64 1
  store i64 1, ptr %hdr_ptr11, align 4
  %hdr_ptr12 = getelementptr inbounds i64, ptr %malloc_arr9, i64 2
  store i64 %arr_size, ptr %hdr_ptr12, align 4
  %data_ptr13 = getelementptr inbounds i64, ptr %malloc_arr9, i64 3
  %loop_cont19136.not = icmp eq i64 %arr_size, 0
  br i1 %loop_cont19136.not, label %arr_loop_end17, label %arr_loop_body16.preheader

arr_loop_body16.preheader:                        ; preds = %entry
  %malloc_arr9140 = ptrtoint ptr %malloc_arr9 to i64
  %min.iters.check = icmp ult i64 %arr_size, 4
  %0 = sub i64 %malloc_arr9140, %arr_ptr_payload
  %diff.check = icmp ult i64 %0, 32
  %or.cond = or i1 %min.iters.check, %diff.check
  br i1 %or.cond, label %arr_loop_body16.preheader160, label %vector.ph

vector.ph:                                        ; preds = %arr_loop_body16.preheader
  %n.vec = and i64 %arr_size, -4
  br label %vector.body

vector.body:                                      ; preds = %vector.body, %vector.ph
  %index = phi i64 [ 0, %vector.ph ], [ %index.next, %vector.body ]
  %1 = getelementptr inbounds i64, ptr %data_ptr5, i64 %index
  %2 = getelementptr inbounds i64, ptr %1, i64 2
  %wide.load = load <2 x i64>, ptr %1, align 4
  %wide.load141 = load <2 x i64>, ptr %2, align 4
  %3 = shl <2 x i64> %wide.load, <i64 1, i64 1>
  %4 = shl <2 x i64> %wide.load141, <i64 1, i64 1>
  %5 = getelementptr inbounds i64, ptr %data_ptr13, i64 %index
  %6 = getelementptr inbounds i64, ptr %5, i64 2
  store <2 x i64> %3, ptr %5, align 4
  store <2 x i64> %4, ptr %6, align 4
  %index.next = add nuw i64 %index, 4
  %7 = icmp eq i64 %index.next, %n.vec
  br i1 %7, label %middle.block, label %vector.body, !llvm.loop !0

middle.block:                                     ; preds = %vector.body
  %cmp.n = icmp eq i64 %arr_size, %n.vec
  br i1 %cmp.n, label %arr_loop_end17, label %arr_loop_body16.preheader160

arr_loop_body16.preheader160:                     ; preds = %arr_loop_body16.preheader, %middle.block
  %storemerge137.ph = phi i64 [ 0, %arr_loop_body16.preheader ], [ %n.vec, %middle.block ]
  br label %arr_loop_body16

arr_loop_body16:                                  ; preds = %arr_loop_body16.preheader160, %arr_loop_body16
  %storemerge137 = phi i64 [ %i_next23, %arr_loop_body16 ], [ %storemerge137.ph, %arr_loop_body16.preheader160 ]
  %elem_ptr21 = getelementptr inbounds i64, ptr %data_ptr5, i64 %storemerge137
  %elem_i = load i64, ptr %elem_ptr21, align 4
  %arr_imul = shl i64 %elem_i, 1
  %elem_ptr22 = getelementptr inbounds i64, ptr %data_ptr13, i64 %storemerge137
  store i64 %arr_imul, ptr %elem_ptr22, align 4
  %i_next23 = add nuw i64 %storemerge137, 1
  %loop_cont19 = icmp ult i64 %i_next23, %arr_size
  br i1 %loop_cont19, label %arr_loop_body16, label %arr_loop_end17, !llvm.loop !3

arr_loop_end17:                                   ; preds = %arr_loop_body16, %middle.block, %entry
  %malloc_arr50 = tail call ptr @malloc(i64 %arr_bytes)
  store i64 1, ptr %malloc_arr50, align 4
  %hdr_ptr52 = getelementptr inbounds i64, ptr %malloc_arr50, i64 1
  store i64 1, ptr %hdr_ptr52, align 4
  %hdr_ptr53 = getelementptr inbounds i64, ptr %malloc_arr50, i64 2
  store i64 %arr_size, ptr %hdr_ptr53, align 4
  %data_ptr54 = getelementptr inbounds i64, ptr %malloc_arr50, i64 3
  br i1 %loop_cont19136.not, label %arr_loop_end58, label %arr_loop_body57.preheader

arr_loop_body57.preheader:                        ; preds = %arr_loop_end17
  %malloc_arr50143 = ptrtoint ptr %malloc_arr50 to i64
  %min.iters.check147 = icmp ult i64 %arr_size, 4
  %8 = sub i64 %malloc_arr50143, %arr_ptr_payload
  %diff.check144 = icmp ult i64 %8, 32
  %or.cond158 = or i1 %min.iters.check147, %diff.check144
  br i1 %or.cond158, label %arr_loop_body57.preheader159, label %vector.ph148

vector.ph148:                                     ; preds = %arr_loop_body57.preheader
  %n.vec150 = and i64 %arr_size, -4
  br label %vector.body153

vector.body153:                                   ; preds = %vector.body153, %vector.ph148
  %index154 = phi i64 [ 0, %vector.ph148 ], [ %index.next157, %vector.body153 ]
  %9 = getelementptr inbounds i64, ptr %data_ptr5, i64 %index154
  %10 = getelementptr inbounds i64, ptr %9, i64 2
  %wide.load155 = load <2 x i64>, ptr %9, align 4
  %wide.load156 = load <2 x i64>, ptr %10, align 4
  %11 = add <2 x i64> %wide.load155, <i64 10, i64 10>
  %12 = add <2 x i64> %wide.load156, <i64 10, i64 10>
  %13 = getelementptr inbounds i64, ptr %data_ptr54, i64 %index154
  %14 = getelementptr inbounds i64, ptr %13, i64 2
  store <2 x i64> %11, ptr %13, align 4
  store <2 x i64> %12, ptr %14, align 4
  %index.next157 = add nuw i64 %index154, 4
  %15 = icmp eq i64 %index.next157, %n.vec150
  br i1 %15, label %middle.block145, label %vector.body153, !llvm.loop !4

middle.block145:                                  ; preds = %vector.body153
  %cmp.n152 = icmp eq i64 %arr_size, %n.vec150
  br i1 %cmp.n152, label %arr_loop_end58, label %arr_loop_body57.preheader159

arr_loop_body57.preheader159:                     ; preds = %arr_loop_body57.preheader, %middle.block145
  %storemerge133139.ph = phi i64 [ 0, %arr_loop_body57.preheader ], [ %n.vec150, %middle.block145 ]
  br label %arr_loop_body57

arr_loop_body57:                                  ; preds = %arr_loop_body57.preheader159, %arr_loop_body57
  %storemerge133139 = phi i64 [ %i_next65, %arr_loop_body57 ], [ %storemerge133139.ph, %arr_loop_body57.preheader159 ]
  %elem_ptr62 = getelementptr inbounds i64, ptr %data_ptr5, i64 %storemerge133139
  %elem_i63 = load i64, ptr %elem_ptr62, align 4
  %arr_iadd = add i64 %elem_i63, 10
  %elem_ptr64 = getelementptr inbounds i64, ptr %data_ptr54, i64 %storemerge133139
  store i64 %arr_iadd, ptr %elem_ptr64, align 4
  %i_next65 = add nuw i64 %storemerge133139, 1
  %loop_cont60 = icmp ult i64 %i_next65, %arr_size
  br i1 %loop_cont60, label %arr_loop_body57, label %arr_loop_end58, !llvm.loop !5

arr_loop_end58:                                   ; preds = %arr_loop_body57, %middle.block145, %arr_loop_end17
  %arr_ptr_to_int24 = ptrtoint ptr %malloc_arr9 to i64
  %arr_ptr_payload25 = and i64 %arr_ptr_to_int24, 281474976710655
  %arr_ptr_to_int66 = ptrtoint ptr %malloc_arr50 to i64
  %arr_ptr_payload67 = and i64 %arr_ptr_to_int66, 281474976710655
  %payload_to_arr_ptr71 = inttoptr i64 %arr_ptr_payload25 to ptr
  %elem_ptr73 = getelementptr inbounds i64, ptr %payload_to_arr_ptr71, i64 7
  %elem_i74 = load i64, ptr %elem_ptr73, align 4
  %int_payload75 = and i64 %elem_i74, 281474976710655
  %is_negative83.not = icmp ult i64 %int_payload75, 140737488355328
  %masksel = select i1 %is_negative83.not, i64 0, i64 -281474976710656
  %signed_payload85 = or disjoint i64 %masksel, %int_payload75
  %payload_to_f6486 = sitofp i64 %signed_payload85 to double
  %to_int = fptosi double %payload_to_f6486 to i64
  %printf_int = tail call i32 (ptr, ...) @printf(ptr nonnull dereferenceable(1) @int_format_string.1, i64 %to_int)
  %payload_to_arr_ptr91 = inttoptr i64 %arr_ptr_payload67 to ptr
  %data_ptr92 = getelementptr inbounds i64, ptr %payload_to_arr_ptr91, i64 3
  %elem_i94 = load i64, ptr %data_ptr92, align 4
  %int_payload95 = and i64 %elem_i94, 281474976710655
  %is_negative113.not = icmp ult i64 %int_payload95, 140737488355328
  %masksel134 = select i1 %is_negative113.not, i64 0, i64 -281474976710656
  %signed_payload115 = or disjoint i64 %masksel134, %int_payload95
  %payload_to_f64116 = sitofp i64 %signed_payload115 to double
  %to_int125 = fptosi double %payload_to_f64116 to i64
  %printf_int126 = tail call i32 (ptr, ...) @printf(ptr nonnull dereferenceable(1) @int_format_string.1, i64 %to_int125)
  ret i32 0
}

; Function Attrs: mustprogress nofree nounwind willreturn allockind("alloc,uninitialized") allocsize(0) memory(inaccessiblemem: readwrite)
declare noalias noundef ptr @malloc(i64 noundef) local_unnamed_addr #1

; Function Attrs: nofree nounwind
declare noundef i32 @printf(ptr nocapture noundef readonly, ...) local_unnamed_addr #0

attributes #0 = { nofree nounwind }
attributes #1 = { mustprogress nofree nounwind willreturn allockind("alloc,uninitialized") allocsize(0) memory(inaccessiblemem: readwrite) "alloc-family"="malloc" }

!0 = distinct !{!0, !1, !2}
!1 = !{!"llvm.loop.isvectorized", i32 1}
!2 = !{!"llvm.loop.unroll.runtime.disable"}
!3 = distinct !{!3, !1}
!4 = distinct !{!4, !1, !2}
!5 = distinct !{!5, !1}
