---
source: tests/numpy.rs
expression: compile(source)
---
; ModuleID = 'main'
source_filename = "main"

@float_format_string.2 = private unnamed_addr constant [4 x i8] c"%f\0A\00", align 1
@int_format_string.7 = private unnamed_addr constant [4 x i8] c"%d\0A\00", align 1

; Function Attrs: nofree nounwind
define noundef i32 @main() local_unnamed_addr #0 {
entry:
  %malloc_list = tail call dereferenceable_or_null(40) ptr @malloc(i64 40)
  store i64 4, ptr %malloc_list, align 4
  %elem_ptr_0 = getelementptr inbounds i64, ptr %malloc_list, i64 1
  store i64 4607182418800017408, ptr %elem_ptr_0, align 4
  %elem_ptr_1 = getelementptr inbounds i64, ptr %malloc_list, i64 2
  store i64 4611686018427387904, ptr %elem_ptr_1, align 4
  %elem_ptr_2 = getelementptr inbounds i64, ptr %malloc_list, i64 3
  store i64 4613937818241073152, ptr %elem_ptr_2, align 4
  %elem_ptr_3 = getelementptr inbounds i64, ptr %malloc_list, i64 4
  store i64 4616189618054758400, ptr %elem_ptr_3, align 4
  %ptr_to_int = ptrtoint ptr %malloc_list to i64
  %list_ptr_payload = and i64 %ptr_to_int, 281474976710655
  %payload_to_list_ptr = inttoptr i64 %list_ptr_payload to ptr
  %list_len = load i64, ptr %payload_to_list_ptr, align 4
  %arr_words = shl i64 %list_len, 3
  %arr_bytes = add i64 %arr_words, 40
  %malloc_arr = tail call ptr @malloc(i64 %arr_bytes)
  %malloc_arr188 = ptrtoint ptr %malloc_arr to i64
  store i64 0, ptr %malloc_arr, align 4
  %hdr_ptr2 = getelementptr inbounds i64, ptr %malloc_arr, i64 2
  store i64 %list_len, ptr %hdr_ptr2, align 4
  %hdr_ptr3 = getelementptr inbounds i64, ptr %malloc_arr, i64 1
  store i64 1, ptr %hdr_ptr3, align 4
  %hdr_ptr4 = getelementptr inbounds i64, ptr %malloc_arr, i64 3
  store i64 %list_len, ptr %hdr_ptr4, align 4
  %hdr_ptr5 = getelementptr inbounds i64, ptr %malloc_arr, i64 4
  store i64 1, ptr %hdr_ptr5, align 4
  %data_ptr = getelementptr inbounds i64, ptr %malloc_arr, i64 5
  %loop_cont177.not = icmp eq i64 %list_len, 0
  br i1 %loop_cont177.not, label %arr_loop_end, label %arr_loop_body.preheader

arr_loop_body.preheader:                          ; preds = %entry
  %min.iters.check = icmp ult i64 %list_len, 6
  br i1 %min.iters.check, label %arr_loop_body.preheader189, label %vector.memcheck

vector.memcheck:                                  ; preds = %arr_loop_body.preheader
  %0 = add i64 %malloc_arr188, 32
  %1 = sub i64 %0, %list_ptr_payload
  %diff.check = icmp ult i64 %1, 16
  br i1 %diff.check, label %arr_loop_body.preheader189, label %vector.ph

vector.ph:                                        ; preds = %vector.memcheck
  %n.vec = and i64 %list_len, -2
  br label %vector.body

vector.body:                                      ; preds = %vector.body, %vector.ph
  %index = phi i64 [ 0, %vector.ph ], [ %index.next, %vector.body ]
  %2 = or disjoint i64 %index, 1
  %3 = getelementptr inbounds i64, ptr %payload_to_list_ptr, i64 %2
  %wide.load = load <2 x i64>, ptr %3, align 4
  %4 = and <2 x i64> %wide.load, <i64 9221120237041090560, i64 9221120237041090560>
  %5 = icmp eq <2 x i64> %4, <i64 9221120237041090560, i64 9221120237041090560>
  %6 = bitcast <2 x i64> %wide.load to <2 x double>
  %7 = and <2 x i64> %wide.load, <i64 281474976710655, i64 281474976710655>
  %8 = icmp ult <2 x i64> %7, <i64 140737488355328, i64 140737488355328>
  %9 = select <2 x i1> %8, <2 x i64> zeroinitializer, <2 x i64> <i64 -281474976710656, i64 -281474976710656>
  %10 = or disjoint <2 x i64> %9, %7
  %11 = sitofp <2 x i64> %10 to <2 x double>
  %12 = select <2 x i1> %5, <2 x double> %11, <2 x double> %6
  %13 = getelementptr inbounds double, ptr %data_ptr, i64 %index
  store <2 x double> %12, ptr %13, align 8
  %index.next = add nuw i64 %index, 2
  %14 = icmp eq i64 %index.next, %n.vec
  br i1 %14, label %middle.block, label %vector.body, !llvm.loop !0

middle.block:                                     ; preds = %vector.body
  %cmp.n = icmp eq i64 %list_len, %n.vec
  br i1 %cmp.n, label %arr_loop_end, label %arr_loop_body.preheader189

arr_loop_body.preheader189:                       ; preds = %vector.memcheck, %arr_loop_body.preheader, %middle.block
  %i.0178.ph = phi i64 [ 0, %vector.memcheck ], [ 0, %arr_loop_body.preheader ], [ %n.vec, %middle.block ]
  br label %arr_loop_body

arr_loop_body:                                    ; preds = %arr_loop_body.preheader189, %arr_loop_body
  %i.0178 = phi i64 [ %list_idx, %arr_loop_body ], [ %i.0178.ph, %arr_loop_body.preheader189 ]
  %list_idx = add nuw i64 %i.0178, 1
  %list_elem_ptr = getelementptr inbounds i64, ptr %payload_to_list_ptr, i64 %list_idx
  %boxed_elem = load i64, ptr %list_elem_ptr, align 4
  %check_qnan = and i64 %boxed_elem, 9221120237041090560
  %is_float.not = icmp eq i64 %check_qnan, 9221120237041090560
  %i64_to_f64 = bitcast i64 %boxed_elem to double
  %extract_payload = and i64 %boxed_elem, 281474976710655
  %is_negative.not = icmp ult i64 %extract_payload, 140737488355328
  %masksel176 = select i1 %is_negative.not, i64 0, i64 -281474976710656
  %signed_payload = or disjoint i64 %masksel176, %extract_payload
  %payload_to_f64 = sitofp i64 %signed_payload to double
  %final_payload = select i1 %is_float.not, double %payload_to_f64, double %i64_to_f64
  %elem_ptr = getelementptr inbounds double, ptr %data_ptr, i64 %i.0178
  store double %final_payload, ptr %elem_ptr, align 8
  %loop_cont = icmp ult i64 %list_idx, %list_len
  br i1 %loop_cont, label %arr_loop_body, label %arr_loop_end, !llvm.loop !3

arr_loop_end:                                     ; preds = %arr_loop_body, %middle.block, %entry
  %arr_ptr_to_int = ptrtoint ptr %malloc_arr to i64
  %arr_ptr_payload = and i64 %arr_ptr_to_int, 281474976710655
  %payload_to_arr_ptr = inttoptr i64 %arr_ptr_payload to ptr
  %size_ptr = getelementptr inbounds i64, ptr %payload_to_arr_ptr, i64 2
  %arr_size = load i64, ptr %size_ptr, align 4
  %data_ptr8 = getelementptr inbounds i64, ptr %payload_to_arr_ptr, i64 5
  %loop_cont14180.not = icmp eq i64 %arr_size, 0
  br i1 %loop_cont14180.not, label %arr_loop_end12, label %arr_loop_body11.preheader

arr_loop_body11.preheader:                        ; preds = %arr_loop_end
  %xtraiter = and i64 %arr_size, 7
  %15 = icmp ult i64 %arr_size, 8
  br i1 %15, label %arr_loop_end12.loopexit.unr-lcssa, label %arr_loop_body11.preheader.new

arr_loop_body11.preheader.new:                    ; preds = %arr_loop_body11.preheader
  %unroll_iter = and i64 %arr_size, -8
  br label %arr_loop_body11

arr_loop_body11:                                  ; preds = %arr_loop_body11, %arr_loop_body11.preheader.new
  %storemerge182 = phi i64 [ 0, %arr_loop_body11.preheader.new ], [ %i_next17.7, %arr_loop_body11 ]
  %acc_next179181 = phi double [ 0.000000e+00, %arr_loop_body11.preheader.new ], [ %acc_next.7, %arr_loop_body11 ]
  %niter = phi i64 [ 0, %arr_loop_body11.preheader.new ], [ %niter.next.7, %arr_loop_body11 ]
  %elem_ptr16 = getelementptr inbounds double, ptr %data_ptr8, i64 %storemerge182
  %elem = load double, ptr %elem_ptr16, align 8
  %acc_next = fadd double %acc_next179181, %elem
  %i_next17 = or disjoint i64 %storemerge182, 1
  %elem_ptr16.1 = getelementptr inbounds double, ptr %data_ptr8, i64 %i_next17
  %elem.1 = load double, ptr %elem_ptr16.1, align 8
  %acc_next.1 = fadd double %acc_next, %elem.1
  %i_next17.1 = or disjoint i64 %storemerge182, 2
  %elem_ptr16.2 = getelementptr inbounds double, ptr %data_ptr8, i64 %i_next17.1
  %elem.2 = load double, ptr %elem_ptr16.2, align 8
  %acc_next.2 = fadd double %acc_next.1, %elem.2
  %i_next17.2 = or disjoint i64 %storemerge182, 3
  %elem_ptr16.3 = getelementptr inbounds double, ptr %data_ptr8, i64 %i_next17.2
  %elem.3 = load double, ptr %elem_ptr16.3, align 8
  %acc_next.3 = fadd double %acc_next.2, %elem.3
  %i_next17.3 = or disjoint i64 %storemerge182, 4
  %elem_ptr16.4 = getelementptr inbounds double, ptr %data_ptr8, i64 %i_next17.3
  %elem.4 = load double, ptr %elem_ptr16.4, align 8
  %acc_next.4 = fadd double %acc_next.3, %elem.4
  %i_next17.4 = or disjoint i64 %storemerge182, 5
  %elem_ptr16.5 = getelementptr inbounds double, ptr %data_ptr8, i64 %i_next17.4
  %elem.5 = load double, ptr %elem_ptr16.5, align 8
  %acc_next.5 = fadd double %acc_next.4, %elem.5
  %i_next17.5 = or disjoint i64 %storemerge182, 6
  %elem_ptr16.6 = getelementptr inbounds double, ptr %data_ptr8, i64 %i_next17.5
  %elem.6 = load double, ptr %elem_ptr16.6, align 8
  %acc_next.6 = fadd double %acc_next.5, %elem.6
  %i_next17.6 = or disjoint i64 %storemerge182, 7
  %elem_ptr16.7 = getelementptr inbounds double, ptr %data_ptr8, i64 %i_next17.6
  %elem.7 = load double, ptr %elem_ptr16.7, align 8
  %acc_next.7 = fadd double %acc_next.6, %elem.7
  %i_next17.7 = add nuw i64 %storemerge182, 8
  %niter.next.7 = add i64 %niter, 8
  %niter.ncmp.7.not = icmp eq i64 %niter.next.7, %unroll_iter
  br i1 %niter.ncmp.7.not, label %arr_loop_end12.loopexit.unr-lcssa, label %arr_loop_body11

arr_loop_end12.loopexit.unr-lcssa:                ; preds = %arr_loop_body11, %arr_loop_body11.preheader
  %acc_next.lcssa.ph = phi double [ undef, %arr_loop_body11.preheader ], [ %acc_next.7, %arr_loop_body11 ]
  %storemerge182.unr = phi i64 [ 0, %arr_loop_body11.preheader ], [ %i_next17.7, %arr_loop_body11 ]
  %acc_next179181.unr = phi double [ 0.000000e+00, %arr_loop_body11.preheader ], [ %acc_next.7, %arr_loop_body11 ]
  %lcmp.mod.not = icmp eq i64 %xtraiter, 0
  br i1 %lcmp.mod.not, label %arr_loop_end12, label %arr_loop_body11.epil

arr_loop_body11.epil:                             ; preds = %arr_loop_end12.loopexit.unr-lcssa, %arr_loop_body11.epil
  %storemerge182.epil = phi i64 [ %i_next17.epil, %arr_loop_body11.epil ], [ %storemerge182.unr, %arr_loop_end12.loopexit.unr-lcssa ]
  %acc_next179181.epil = phi double [ %acc_next.epil, %arr_loop_body11.epil ], [ %acc_next179181.unr, %arr_loop_end12.loopexit.unr-lcssa ]
  %epil.iter = phi i64 [ %epil.iter.next, %arr_loop_body11.epil ], [ 0, %arr_loop_end12.loopexit.unr-lcssa ]
  %elem_ptr16.epil = getelementptr inbounds double, ptr %data_ptr8, i64 %storemerge182.epil
  %elem.epil = load double, ptr %elem_ptr16.epil, align 8
  %acc_next.epil = fadd double %acc_next179181.epil, %elem.epil
  %i_next17.epil = add nuw i64 %storemerge182.epil, 1
  %epil.iter.next = add i64 %epil.iter, 1
  %epil.iter.cmp.not = icmp eq i64 %epil.iter.next, %xtraiter
  br i1 %epil.iter.cmp.not, label %arr_loop_end12, label %arr_loop_body11.epil, !llvm.loop !4

arr_loop_end12:                                   ; preds = %arr_loop_end12.loopexit.unr-lcssa, %arr_loop_body11.epil, %arr_loop_end
  %acc_next179.lcssa = phi double [ 0.000000e+00, %arr_loop_end ], [ %acc_next.lcssa.ph, %arr_loop_end12.loopexit.unr-lcssa ], [ %acc_next.epil, %arr_loop_body11.epil ]
  %float_as_i64 = bitcast double %acc_next179.lcssa to i64
  %check_qnan18 = and i64 %float_as_i64, 9221120237041090560
  %is_float19.not = icmp eq i64 %check_qnan18, 9221120237041090560
  %tag_bits = lshr i64 %float_as_i64, 48
  %tag = and i64 %tag_bits, 7
  %is_bool = icmp eq i64 %tag, 1
  %is_string = icmp eq i64 %tag, 2
  %is_list = icmp eq i64 %tag, 3
  %16 = trunc i64 %tag_bits to i3
  %17 = select i1 %is_bool, i3 2, i3 %16
  %18 = select i1 %is_string, i3 3, i3 %17
  %19 = select i1 %is_list, i3 -4, i3 %18
  %extract_payload23 = and i64 %float_as_i64, 281474976710655
  %is_negative25.not = icmp ult i64 %extract_payload23, 140737488355328
  %masksel = select i1 %is_negative25.not, i64 0, i64 -281474976710656
  %signed_payload27 = or disjoint i64 %masksel, %extract_payload23
  %payload_to_f6428 = sitofp i64 %signed_payload27 to double
  %final_payload29 = select i1 %is_float19.not, double %payload_to_f6428, double %acc_next179.lcssa
  %trunc = select i1 %is_float19.not, i3 %19, i3 1
  switch i3 %trunc, label %print_float [
    i3 3, label %print_string
    i3 0, label %print_int
  ]

print_int:                                        ; preds = %arr_loop_end12
  %to_int = fptosi double %final_payload29 to i64
  %printf_int = tail call i32 (ptr, ...) @printf(ptr nonnull dereferenceable(1) @int_format_string.7, i64 %to_int)
  br label %print_end

print_float:                                      ; preds = %arr_loop_end12
  %printf_float = tail call i32 (ptr, ...) @printf(ptr nonnull dereferenceable(1) @float_format_string.2, double %final_payload29)
  br label %print_end

print_string:                                     ; preds = %arr_loop_end12
  %payload_to_ptr = inttoptr i64 %extract_payload23 to ptr
  %puts = tail call i32 @puts(ptr nonnull dereferenceable(1) %payload_to_ptr)
  br label %print_end

print_end:                                        ; preds = %print_string, %print_float, %print_int
  %arr_size35 = load i64, ptr %size_ptr, align 4
  %loop_cont43184.not = icmp eq i64 %arr_size35, 0
  br i1 %loop_cont43184.not, label %arr_loop_end41, label %arr_loop_body40.preheader

arr_loop_body40.preheader:                        ; preds = %print_end
  %xtraiter191 = and i64 %arr_size35, 7
  %20 = icmp ult i64 %arr_size35, 8
  br i1 %20, label %arr_loop_end41.loopexit.unr-lcssa, label %arr_loop_body40.preheader.new

arr_loop_body40.preheader.new:                    ; preds = %arr_loop_body40.preheader
  %unroll_iter195 = and i64 %arr_size35, -8
  br label %arr_loop_body40

arr_loop_body40:                                  ; preds = %arr_loop_body40, %arr_loop_body40.preheader.new
  %storemerge170186 = phi i64 [ 0, %arr_loop_body40.preheader.new ], [ %i_next49.7, %arr_loop_body40 ]
  %acc_next48183185 = phi double [ 0.000000e+00, %arr_loop_body40.preheader.new ], [ %acc_next48.7, %arr_loop_body40 ]
  %niter196 = phi i64 [ 0, %arr_loop_body40.preheader.new ], [ %niter196.next.7, %arr_loop_body40 ]
  %elem_ptr46 = getelementptr inbounds double, ptr %data_ptr8, i64 %storemerge170186
  %elem47 = load double, ptr %elem_ptr46, align 8
  %acc_next48 = fadd double %acc_next48183185, %elem47
  %i_next49 = or disjoint i64 %storemerge170186, 1
  %elem_ptr46.1 = getelementptr inbounds double, ptr %data_ptr8, i64 %i_next49
  %elem47.1 = load double, ptr %elem_ptr46.1, align 8
  %acc_next48.1 = fadd double %acc_next48, %elem47.1
  %i_next49.1 = or disjoint i64 %storemerge170186, 2
  %elem_ptr46.2 = getelementptr inbounds double, ptr %data_ptr8, i64 %i_next49.1
  %elem47.2 = load double, ptr %elem_ptr46.2, align 8
  %acc_next48.2 = fadd double %acc_next48.1, %elem47.2
  %i_next49.2 = or disjoint i64 %storemerge170186, 3
  %elem_ptr46.3 = getelementptr inbounds double, ptr %data_ptr8, i64 %i_next49.2
  %elem47.3 = load double, ptr %elem_ptr46.3, align 8
  %acc_next48.3 = fadd double %acc_next48.2, %elem47.3
  %i_next49.3 = or disjoint i64 %storemerge170186, 4
  %elem_ptr46.4 = getelementptr inbounds double, ptr %data_ptr8, i64 %i_next49.3
  %elem47.4 = load double, ptr %elem_ptr46.4, align 8
  %acc_next48.4 = fadd double %acc_next48.3, %elem47.4
  %i_next49.4 = or disjoint i64 %storemerge170186, 5
  %elem_ptr46.5 = getelementptr inbounds double, ptr %data_ptr8, i64 %i_next49.4
  %elem47.5 = load double, ptr %elem_ptr46.5, align 8
  %acc_next48.5 = fadd double %acc_next48.4, %elem47.5
  %i_next49.5 = or disjoint i64 %storemerge170186, 6
  %elem_ptr46.6 = getelementptr inbounds double, ptr %data_ptr8, i64 %i_next49.5
  %elem47.6 = load double, ptr %elem_ptr46.6, align 8
  %acc_next48.6 = fadd double %acc_next48.5, %elem47.6
  %i_next49.6 = or disjoint i64 %storemerge170186, 7
  %elem_ptr46.7 = getelementptr inbounds double, ptr %data_ptr8, i64 %i_next49.6
  %elem47.7 = load double, ptr %elem_ptr46.7, align 8
  %acc_next48.7 = fadd double %acc_next48.6, %elem47.7
  %i_next49.7 = add nuw i64 %storemerge170186, 8
  %niter196.next.7 = add i64 %niter196, 8
  %niter196.ncmp.7.not = icmp eq i64 %niter196.next.7, %unroll_iter195
  br i1 %niter196.ncmp.7.not, label %arr_loop_end41.loopexit.unr-lcssa, label %arr_loop_body40

arr_loop_end41.loopexit.unr-lcssa:                ; preds = %arr_loop_body40, %arr_loop_body40.preheader
  %acc_next48.lcssa.ph = phi double [ undef, %arr_loop_body40.preheader ], [ %acc_next48.7, %arr_loop_body40 ]
  %storemerge170186.unr = phi i64 [ 0, %arr_loop_body40.preheader ], [ %i_next49.7, %arr_loop_body40 ]
  %acc_next48183185.unr = phi double [ 0.000000e+00, %arr_loop_body40.preheader ], [ %acc_next48.7, %arr_loop_body40 ]
  %lcmp.mod193.not = icmp eq i64 %xtraiter191, 0
  br i1 %lcmp.mod193.not, label %arr_loop_end41, label %arr_loop_body40.epil

arr_loop_body40.epil:                             ; preds = %arr_loop_end41.loopexit.unr-lcssa, %arr_loop_body40.epil
  %storemerge170186.epil = phi i64 [ %i_next49.epil, %arr_loop_body40.epil ], [ %storemerge170186.unr, %arr_loop_end41.loopexit.unr-lcssa ]
  %acc_next48183185.epil = phi double [ %acc_next48.epil, %arr_loop_body40.epil ], [ %acc_next48183185.unr, %arr_loop_end41.loopexit.unr-lcssa ]
  %epil.iter192 = phi i64 [ %epil.iter192.next, %arr_loop_body40.epil ], [ 0, %arr_loop_end41.loopexit.unr-lcssa ]
  %elem_ptr46.epil = getelementptr inbounds double, ptr %data_ptr8, i64 %storemerge170186.epil
  %elem47.epil = load double, ptr %elem_ptr46.epil, align 8
  %acc_next48.epil = fadd double %acc_next48183185.epil, %elem47.epil
  %i_next49.epil = add nuw i64 %storemerge170186.epil, 1
  %epil.iter192.next = add i64 %epil.iter192, 1
  %epil.iter192.cmp.not = icmp eq i64 %epil.iter192.next, %xtraiter191
  br i1 %epil.iter192.cmp.not, label %arr_loop_end41, label %arr_loop_body40.epil, !llvm.loop !6

arr_loop_end41:                                   ; preds = %arr_loop_end41.loopexit.unr-lcssa, %arr_loop_body40.epil, %print_end
  %acc_next48183.lcssa = phi double [ 0.000000e+00, %print_end ], [ %acc_next48.lcssa.ph, %arr_loop_end41.loopexit.unr-lcssa ], [ %acc_next48.epil, %arr_loop_body40.epil ]
  %len_f = sitofp i64 %arr_size35 to double
  %mean = fdiv double %acc_next48183.lcssa, %len_f
  %float_as_i6451 = bitcast double %mean to i64
  %check_qnan52 = and i64 %float_as_i6451, 9221120237041090560
  %is_float53.not = icmp eq i64 %check_qnan52, 9221120237041090560
  %tag_bits54 = lshr i64 %float_as_i6451, 48
  %tag55 = and i64 %tag_bits54, 7
  %is_bool56 = icmp eq i64 %tag55, 1
  %is_string57 = icmp eq i64 %tag55, 2
  %is_list58 = icmp eq i64 %tag55, 3
  %21 = trunc i64 %tag_bits54 to i3
  %22 = select i1 %is_bool56, i3 2, i3 %21
  %23 = select i1 %is_string57, i3 3, i3 %22
  %24 = select i1 %is_list58, i3 -4, i3 %23
  %extract_payload66 = and i64 %float_as_i6451, 281474976710655
  %is_negative68.not = icmp ult i64 %extract_payload66, 140737488355328
  %masksel171 = select i1 %is_negative68.not, i64 0, i64 -281474976710656
  %signed_payload70 = or disjoint i64 %masksel171, %extract_payload66
  %payload_to_f6471 = sitofp i64 %signed_payload70 to double
  %final_payload72 = select i1 %is_float53.not, double %payload_to_f6471, double %mean
  %trunc172 = select i1 %is_float53.not, i3 %24, i3 1
  switch i3 %trunc172, label %print_float77 [
    i3 3, label %print_string78
    i3 0, label %print_int76
  ]

print_int76:                                      ; preds = %arr_loop_end41
  %to_int80 = fptosi double %final_payload72 to i64
  %printf_int81 = tail call i32 (ptr, ...) @printf(ptr nonnull dereferenceable(1) @int_format_string.7, i64 %to_int80)
  br label %print_int115

print_float77:                                    ; preds = %arr_loop_end41
  %printf_float82 = tail call i32 (ptr, ...) @printf(ptr nonnull dereferenceable(1) @float_format_string.2, double %final_payload72)
  br label %print_int115

print_string78:                                   ; preds = %arr_loop_end41
  %payload_to_ptr84 = inttoptr i64 %extract_payload66 to ptr
  %puts173 = tail call i32 @puts(ptr nonnull dereferenceable(1) %payload_to_ptr84)
  br label %print_int115

print_int115:                                     ; preds = %print_int76, %print_float77, %print_string78
  %arr_size90 = load i64, ptr %size_ptr, align 4
  %int_payload = and i64 %arr_size90, 281474976710655
  %is_negative107.not = icmp ult i64 %int_payload, 140737488355328
  %masksel174 = select i1 %is_negative107.not, i64 0, i64 -281474976710656
  %signed_payload109 = or disjoint i64 %masksel174, %int_payload
  %payload_to_f64110 = sitofp i64 %signed_payload109 to double
  %to_int119 = fptosi double %payload_to_f64110 to i64
  %printf_int120 = tail call i32 (ptr, ...) @printf(ptr nonnull dereferenceable(1) @int_format_string.7, i64 %to_int119)
  %arr_size129 = load i64, ptr %size_ptr, align 4
  %int_payload130 = and i64 %arr_size129, 281474976710655
  %is_negative148.not = icmp ult i64 %int_payload130, 140737488355328
  %masksel175 = select i1 %is_negative148.not, i64 0, i64 -281474976710656
  %signed_payload150 = or disjoint i64 %masksel175, %int_payload130
  %payload_to_f64151 = sitofp i64 %signed_payload150 to double
  %to_int160 = fptosi double %payload_to_f64151 to i64
  %printf_int161 = tail call i32 (ptr, ...) @printf(ptr nonnull dereferenceable(1) @int_format_string.7, i64 %to_int160)
  ret i32 0
}

; Function Attrs: mustprogress nofree nounwind willreturn allockind("alloc,uninitialized") allocsize(0) memory(inaccessiblemem: readwrite)
declare noalias noundef ptr @malloc(i64 noundef) local_unnamed_addr #1

; Function Attrs: nofree nounwind
declare noundef i32 @printf(ptr nocapture noundef readonly, ...) local_unnamed_addr #0

; Function Attrs: nofree nounwind
declare noundef i32 @puts(ptr nocapture noundef readonly) local_unnamed_addr #0

attributes #0 = { nofree nounwind }
attributes #1 = { mustprogress nofree nounwind willreturn allockind("alloc,uninitialized") allocsize(0) memory(inaccessiblemem: readwrite) "alloc-family"="malloc" }

!0 = distinct !{!0, !1, !2}
!1 = !{!"llvm.loop.isvectorized", i32 1}
!2 = !{!"llvm.loop.unroll.runtime.disable"}
!3 = distinct !{!3, !1}
!4 = distinct !{!4, !5}
!5 = !{!"llvm.loop.unroll.disable"}
!6 = distinct !{!6, !5}
