---
source: tests/numpy.rs
expression: compile(source)
---
; ModuleID = 'main'
source_filename = "main"

@float_format_string.2 = private unnamed_addr constant [4 x i8] c"%f\0A\00", align 1
@int_format_string.4 = private unnamed_addr constant [4 x i8] c"%d\0A\00", align 1

; Function Attrs: nofree nounwind
define noundef i32 @main() local_unnamed_addr #0 {
entry:
  %malloc_arr = tail call dereferenceable_or_null(64) ptr @malloc(i64 64)
  store i64 0, ptr %malloc_arr, align 4
  %hdr_ptr1 = getelementptr inbounds i64, ptr %malloc_arr, i64 2
  store i64 3, ptr %hdr_ptr1, align 4
  %hdr_ptr2 = getelementptr inbounds i64, ptr %malloc_arr, i64 1
  store i64 1, ptr %hdr_ptr2, align 4
  %hdr_ptr3 = getelementptr inbounds i64, ptr %malloc_arr, i64 3
  store i64 3, ptr %hdr_ptr3, align 4
  %hdr_ptr4 = getelementptr inbounds i64, ptr %malloc_arr, i64 4
  store i64 1, ptr %hdr_ptr4, align 4
  %data_ptr = getelementptr inbounds i64, ptr %malloc_arr, i64 5
  tail call void @llvm.memset.p0.i64(ptr noundef nonnull align 8 dereferenceable(24) %data_ptr, i8 0, i64 24, i1 false)
  %arr_ptr_to_int = ptrtoint ptr %malloc_arr to i64
  %malloc_arr6 = tail call dereferenceable_or_null(72) ptr @malloc(i64 72)
  store i64 0, ptr %malloc_arr6, align 4
  %hdr_ptr8 = getelementptr inbounds i64, ptr %malloc_arr6, i64 2
  store i64 4, ptr %hdr_ptr8, align 4
  %hdr_ptr9 = getelementptr inbounds i64, ptr %malloc_arr6, i64 1
  store i64 1, ptr %hdr_ptr9, align 4
  %hdr_ptr10 = getelementptr inbounds i64, ptr %malloc_arr6, i64 3
  store i64 4, ptr %hdr_ptr10, align 4
  %hdr_ptr11 = getelementptr inbounds i64, ptr %malloc_arr6, i64 4
  store i64 1, ptr %hdr_ptr11, align 4
  %data_ptr12 = getelementptr inbounds i64, ptr %malloc_arr6, i64 5
  store <2 x double> <double 1.000000e+00, double 1.000000e+00>, ptr %data_ptr12, align 8
  %elem_ptr20.2 = getelementptr inbounds i64, ptr %malloc_arr6, i64 7
  store <2 x double> <double 1.000000e+00, double 1.000000e+00>, ptr %elem_ptr20.2, align 8
  %arr_ptr_to_int22 = ptrtoint ptr %malloc_arr6 to i64
  %malloc_arr25 = tail call dereferenceable_or_null(88) ptr @malloc(i64 88)
  store i64 1, ptr %malloc_arr25, align 4
  %hdr_ptr27 = getelementptr inbounds i64, ptr %malloc_arr25, i64 2
  store i64 6, ptr %hdr_ptr27, align 4
  %hdr_ptr28 = getelementptr inbounds i64, ptr %malloc_arr25, i64 1
  store i64 1, ptr %hdr_ptr28, align 4
  %hdr_ptr29 = getelementptr inbounds i64, ptr %malloc_arr25, i64 3
  store i64 6, ptr %hdr_ptr29, align 4
  %hdr_ptr30 = getelementptr inbounds i64, ptr %malloc_arr25, i64 4
  store i64 1, ptr %hdr_ptr30, align 4
  %data_ptr31 = getelementptr inbounds i64, ptr %malloc_arr25, i64 5
  store i64 0, ptr %data_ptr31, align 4
  %elem_ptr39.1 = getelementptr inbounds i64, ptr %malloc_arr25, i64 6
  store i64 1, ptr %elem_ptr39.1, align 4
  %elem_ptr39.2 = getelementptr inbounds i64, ptr %malloc_arr25, i64 7
  store i64 2, ptr %elem_ptr39.2, align 4
  %elem_ptr39.3 = getelementptr inbounds i64, ptr %malloc_arr25, i64 8
  store i64 3, ptr %elem_ptr39.3, align 4
  %elem_ptr39.4 = getelementptr inbounds i64, ptr %malloc_arr25, i64 9
  store i64 4, ptr %elem_ptr39.4, align 4
  %elem_ptr39.5 = getelementptr inbounds i64, ptr %malloc_arr25, i64 10
  store i64 5, ptr %elem_ptr39.5, align 4
  %arr_ptr_payload = and i64 %arr_ptr_to_int, 281474976710655
  %arr_ptr_payload23 = and i64 %arr_ptr_to_int22, 281474976710655
  %arr_ptr_to_int41 = ptrtoint ptr %malloc_arr25 to i64
  %arr_ptr_payload42 = and i64 %arr_ptr_to_int41, 281474976710655
  %payload_to_arr_ptr = inttoptr i64 %arr_ptr_payload to ptr
  %size_ptr = getelementptr inbounds i64, ptr %payload_to_arr_ptr, i64 2
  %arr_size = load i64, ptr %size_ptr, align 4
  %data_ptr45 = getelementptr inbounds i64, ptr %payload_to_arr_ptr, i64 5
  %loop_cont51179.not = icmp eq i64 %arr_size, 0
  br i1 %loop_cont51179.not, label %arr_loop_end49, label %arr_loop_body48.preheader

arr_loop_body48.preheader:                        ; preds = %entry
  %xtraiter = and i64 %arr_size, 7
  %0 = icmp ult i64 %arr_size, 8
  br i1 %0, label %arr_loop_end49.loopexit.unr-lcssa, label %arr_loop_body48.preheader.new

arr_loop_body48.preheader.new:                    ; preds = %arr_loop_body48.preheader
  %unroll_iter = and i64 %arr_size, -8
  br label %arr_loop_body48

arr_loop_body48:                                  ; preds = %arr_loop_body48, %arr_loop_body48.preheader.new
  %storemerge168181 = phi i64 [ 0, %arr_loop_body48.preheader.new ], [ %i_next54.7, %arr_loop_body48 ]
  %acc_next178180 = phi double [ 0.000000e+00, %arr_loop_body48.preheader.new ], [ %acc_next.7, %arr_loop_body48 ]
  %niter = phi i64 [ 0, %arr_loop_body48.preheader.new ], [ %niter.next.7, %arr_loop_body48 ]
  %elem_ptr53 = getelementptr inbounds double, ptr %data_ptr45, i64 %storemerge168181
  %elem = load double, ptr %elem_ptr53, align 8
  %acc_next = fadd double %acc_next178180, %elem
  %i_next54 = or disjoint i64 %storemerge168181, 1
  %elem_ptr53.1 = getelementptr inbounds double, ptr %data_ptr45, i64 %i_next54
  %elem.1 = load double, ptr %elem_ptr53.1, align 8
  %acc_next.1 = fadd double %acc_next, %elem.1
  %i_next54.1 = or disjoint i64 %storemerge168181, 2
  %elem_ptr53.2 = getelementptr inbounds double, ptr %data_ptr45, i64 %i_next54.1
  %elem.2 = load double, ptr %elem_ptr53.2, align 8
  %acc_next.2 = fadd double %acc_next.1, %elem.2
  %i_next54.2 = or disjoint i64 %storemerge168181, 3
  %elem_ptr53.3 = getelementptr inbounds double, ptr %data_ptr45, i64 %i_next54.2
  %elem.3 = load double, ptr %elem_ptr53.3, align 8
  %acc_next.3 = fadd double %acc_next.2, %elem.3
  %i_next54.3 = or disjoint i64 %storemerge168181, 4
  %elem_ptr53.4 = getelementptr inbounds double, ptr %data_ptr45, i64 %i_next54.3
  %elem.4 = load double, ptr %elem_ptr53.4, align 8
  %acc_next.4 = fadd double %acc_next.3, %elem.4
  %i_next54.4 = or disjoint i64 %storemerge168181, 5
  %elem_ptr53.5 = getelementptr inbounds double, ptr %data_ptr45, i64 %i_next54.4
  %elem.5 = load double, ptr %elem_ptr53.5, align 8
  %acc_next.5 = fadd double %acc_next.4, %elem.5
  %i_next54.5 = or disjoint i64 %storemerge168181, 6
  %elem_ptr53.6 = getelementptr inbounds double, ptr %data_ptr45, i64 %i_next54.5
  %elem.6 = load double, ptr %elem_ptr53.6, align 8
  %acc_next.6 = fadd double %acc_next.5, %elem.6
  %i_next54.6 = or disjoint i64 %storemerge168181, 7
  %elem_ptr53.7 = getelementptr inbounds double, ptr %data_ptr45, i64 %i_next54.6
  %elem.7 = load double, ptr %elem_ptr53.7, align 8
  %acc_next.7 = fadd double %acc_next.6, %elem.7
  %i_next54.7 = add nuw i64 %storemerge168181, 8
  %niter.next.7 = add i64 %niter, 8
  %niter.ncmp.7.not = icmp eq i64 %niter.next.7, %unroll_iter
  br i1 %niter.ncmp.7.not, label %arr_loop_end49.loopexit.unr-lcssa, label %arr_loop_body48

arr_loop_end49.loopexit.unr-lcssa:                ; preds = %arr_loop_body48, %arr_loop_body48.preheader
  %acc_next.lcssa.ph = phi double [ undef, %arr_loop_body48.preheader ], [ %acc_next.7, %arr_loop_body48 ]
  %storemerge168181.unr = phi i64 [ 0, %arr_loop_body48.preheader ], [ %i_next54.7, %arr_loop_body48 ]
  %acc_next178180.unr = phi double [ 0.000000e+00, %arr_loop_body48.preheader ], [ %acc_next.7, %arr_loop_body48 ]
  %lcmp.mod.not = icmp eq i64 %xtraiter, 0
  br i1 %lcmp.mod.not, label %arr_loop_end49, label %arr_loop_body48.epil

arr_loop_body48.epil:                             ; preds = %arr_loop_end49.loopexit.unr-lcssa, %arr_loop_body48.epil
  %storemerge168181.epil = phi i64 [ %i_next54.epil, %arr_loop_body48.epil ], [ %storemerge168181.unr, %arr_loop_end49.loopexit.unr-lcssa ]
  %acc_next178180.epil = phi double [ %acc_next.epil, %arr_loop_body48.epil ], [ %acc_next178180.unr, %arr_loop_end49.loopexit.unr-lcssa ]
  %epil.iter = phi i64 [ %epil.iter.next, %arr_loop_body48.epil ], [ 0, %arr_loop_end49.loopexit.unr-lcssa ]
  %elem_ptr53.epil = getelementptr inbounds double, ptr %data_ptr45, i64 %storemerge168181.epil
  %elem.epil = load double, ptr %elem_ptr53.epil, align 8
  %acc_next.epil = fadd double %acc_next178180.epil, %elem.epil
  %i_next54.epil = add nuw i64 %storemerge168181.epil, 1
  %epil.iter.next = add i64 %epil.iter, 1
  %epil.iter.cmp.not = icmp eq i64 %epil.iter.next, %xtraiter
  br i1 %epil.iter.cmp.not, label %arr_loop_end49, label %arr_loop_body48.epil, !llvm.loop !0

arr_loop_end49:                                   ; preds = %arr_loop_end49.loopexit.unr-lcssa, %arr_loop_body48.epil, %entry
  %acc_next178.lcssa = phi double [ 0.000000e+00, %entry ], [ %acc_next.lcssa.ph, %arr_loop_end49.loopexit.unr-lcssa ], [ %acc_next.epil, %arr_loop_body48.epil ]
  %float_as_i64 = bitcast double %acc_next178.lcssa to i64
  %check_qnan = and i64 %float_as_i64, 9221120237041090560
  %is_float.not = icmp eq i64 %check_qnan, 9221120237041090560
  %tag_bits = lshr i64 %float_as_i64, 48
  %tag = and i64 %tag_bits, 7
  %is_bool = icmp eq i64 %tag, 1
  %is_string = icmp eq i64 %tag, 2
  %is_list = icmp eq i64 %tag, 3
  %1 = trunc i64 %tag_bits to i3
  %2 = select i1 %is_bool, i3 2, i3 %1
  %3 = select i1 %is_string, i3 3, i3 %2
  %4 = select i1 %is_list, i3 -4, i3 %3
  %extract_payload = and i64 %float_as_i64, 281474976710655
  %is_negative.not = icmp ult i64 %extract_payload, 140737488355328
  %masksel = select i1 %is_negative.not, i64 0, i64 -281474976710656
  %signed_payload = or disjoint i64 %masksel, %extract_payload
  %payload_to_f64 = sitofp i64 %signed_payload to double
  %final_payload = select i1 %is_float.not, double %payload_to_f64, double %acc_next178.lcssa
  %trunc = select i1 %is_float.not, i3 %4, i3 1
  switch i3 %trunc, label %print_float [
    i3 3, label %print_string
    i3 0, label %print_int
  ]

print_int:                                        ; preds = %arr_loop_end49
  %to_int = fptosi double %final_payload to i64
  %printf_int = tail call i32 (ptr, ...) @printf(ptr nonnull dereferenceable(1) @int_format_string.4, i64 %to_int)
  br label %print_end

print_float:                                      ; preds = %arr_loop_end49
  %printf_float = tail call i32 (ptr, ...) @printf(ptr nonnull dereferenceable(1) @float_format_string.2, double %final_payload)
  br label %print_end

print_string:                                     ; preds = %arr_loop_end49
  %payload_to_ptr = inttoptr i64 %extract_payload to ptr
  %puts = tail call i32 @puts(ptr nonnull dereferenceable(1) %payload_to_ptr)
  br label %print_end

print_end:                                        ; preds = %print_string, %print_float, %print_int
  %payload_to_arr_ptr60 = inttoptr i64 %arr_ptr_payload23 to ptr
  %size_ptr61 = getelementptr inbounds i64, ptr %payload_to_arr_ptr60, i64 2
  %arr_size62 = load i64, ptr %size_ptr61, align 4
  %data_ptr63 = getelementptr inbounds i64, ptr %payload_to_arr_ptr60, i64 5
  %loop_cont70183.not = icmp eq i64 %arr_size62, 0
  br i1 %loop_cont70183.not, label %arr_loop_end68, label %arr_loop_body67.preheader

arr_loop_body67.preheader:                        ; preds = %print_end
  %xtraiter203 = and i64 %arr_size62, 7
  %5 = icmp ult i64 %arr_size62, 8
  br i1 %5, label %arr_loop_end68.loopexit.unr-lcssa, label %arr_loop_body67.preheader.new

arr_loop_body67.preheader.new:                    ; preds = %arr_loop_body67.preheader
  %unroll_iter207 = and i64 %arr_size62, -8
  br label %arr_loop_body67

arr_loop_body67:                                  ; preds = %arr_loop_body67, %arr_loop_body67.preheader.new
  %storemerge169185 = phi i64 [ 0, %arr_loop_body67.preheader.new ], [ %i_next76.7, %arr_loop_body67 ]
  %acc_next75182184 = phi double [ 0.000000e+00, %arr_loop_body67.preheader.new ], [ %acc_next75.7, %arr_loop_body67 ]
  %niter208 = phi i64 [ 0, %arr_loop_body67.preheader.new ], [ %niter208.next.7, %arr_loop_body67 ]
  %elem_ptr73 = getelementptr inbounds double, ptr %data_ptr63, i64 %storemerge169185
  %elem74 = load double, ptr %elem_ptr73, align 8
  %acc_next75 = fadd double %acc_next75182184, %elem74
  %i_next76 = or disjoint i64 %storemerge169185, 1
  %elem_ptr73.1 = getelementptr inbounds double, ptr %data_ptr63, i64 %i_next76
  %elem74.1 = load double, ptr %elem_ptr73.1, align 8
  %acc_next75.1 = fadd double %acc_next75, %elem74.1
  %i_next76.1 = or disjoint i64 %storemerge169185, 2
  %elem_ptr73.2 = getelementptr inbounds double, ptr %data_ptr63, i64 %i_next76.1
  %elem74.2 = load double, ptr %elem_ptr73.2, align 8
  %acc_next75.2 = fadd double %acc_next75.1, %elem74.2
  %i_next76.2 = or disjoint i64 %storemerge169185, 3
  %elem_ptr73.3 = getelementptr inbounds double, ptr %data_ptr63, i64 %i_next76.2
  %elem74.3 = load double, ptr %elem_ptr73.3, align 8
  %acc_next75.3 = fadd double %acc_next75.2, %elem74.3
  %i_next76.3 = or disjoint i64 %storemerge169185, 4
  %elem_ptr73.4 = getelementptr inbounds double, ptr %data_ptr63, i64 %i_next76.3
  %elem74.4 = load double, ptr %elem_ptr73.4, align 8
  %acc_next75.4 = fadd double %acc_next75.3, %elem74.4
  %i_next76.4 = or disjoint i64 %storemerge169185, 5
  %elem_ptr73.5 = getelementptr inbounds double, ptr %data_ptr63, i64 %i_next76.4
  %elem74.5 = load double, ptr %elem_ptr73.5, align 8
  %acc_next75.5 = fadd double %acc_next75.4, %elem74.5
  %i_next76.5 = or disjoint i64 %storemerge169185, 6
  %elem_ptr73.6 = getelementptr inbounds double, ptr %data_ptr63, i64 %i_next76.5
  %elem74.6 = load double, ptr %elem_ptr73.6, align 8
  %acc_next75.6 = fadd double %acc_next75.5, %elem74.6
  %i_next76.6 = or disjoint i64 %storemerge169185, 7
  %elem_ptr73.7 = getelementptr inbounds double, ptr %data_ptr63, i64 %i_next76.6
  %elem74.7 = load double, ptr %elem_ptr73.7, align 8
  %acc_next75.7 = fadd double %acc_next75.6, %elem74.7
  %i_next76.7 = add nuw i64 %storemerge169185, 8
  %niter208.next.7 = add i64 %niter208, 8
  %niter208.ncmp.7.not = icmp eq i64 %niter208.next.7, %unroll_iter207
  br i1 %niter208.ncmp.7.not, label %arr_loop_end68.loopexit.unr-lcssa, label %arr_loop_body67

arr_loop_end68.loopexit.unr-lcssa:                ; preds = %arr_loop_body67, %arr_loop_body67.preheader
  %acc_next75.lcssa.ph = phi double [ undef, %arr_loop_body67.preheader ], [ %acc_next75.7, %arr_loop_body67 ]
  %storemerge169185.unr = phi i64 [ 0, %arr_loop_body67.preheader ], [ %i_next76.7, %arr_loop_body67 ]
  %acc_next75182184.unr = phi double [ 0.000000e+00, %arr_loop_body67.preheader ], [ %acc_next75.7, %arr_loop_body67 ]
  %lcmp.mod205.not = icmp eq i64 %xtraiter203, 0
  br i1 %lcmp.mod205.not, label %arr_loop_end68, label %arr_loop_body67.epil

arr_loop_body67.epil:                             ; preds = %arr_loop_end68.loopexit.unr-lcssa, %arr_loop_body67.epil
  %storemerge169185.epil = phi i64 [ %i_next76.epil, %arr_loop_body67.epil ], [ %storemerge169185.unr, %arr_loop_end68.loopexit.unr-lcssa ]
  %acc_next75182184.epil = phi double [ %acc_next75.epil, %arr_loop_body67.epil ], [ %acc_next75182184.unr, %arr_loop_end68.loopexit.unr-lcssa ]
  %epil.iter204 = phi i64 [ %epil.iter204.next, %arr_loop_body67.epil ], [ 0, %arr_loop_end68.loopexit.unr-lcssa ]
  %elem_ptr73.epil = getelementptr inbounds double, ptr %data_ptr63, i64 %storemerge169185.epil
  %elem74.epil = load double, ptr %elem_ptr73.epil, align 8
  %acc_next75.epil = fadd double %acc_next75182184.epil, %elem74.epil
  %i_next76.epil = add nuw i64 %storemerge169185.epil, 1
  %epil.iter204.next = add i64 %epil.iter204, 1
  %epil.iter204.cmp.not = icmp eq i64 %epil.iter204.next, %xtraiter203
  br i1 %epil.iter204.cmp.not, label %arr_loop_end68, label %arr_loop_body67.epil, !llvm.loop !2

arr_loop_end68:                                   ; preds = %arr_loop_end68.loopexit.unr-lcssa, %arr_loop_body67.epil, %print_end
  %acc_next75182.lcssa = phi double [ 0.000000e+00, %print_end ], [ %acc_next75.lcssa.ph, %arr_loop_end68.loopexit.unr-lcssa ], [ %acc_next75.epil, %arr_loop_body67.epil ]
  %float_as_i6478 = bitcast double %acc_next75182.lcssa to i64
  %check_qnan79 = and i64 %float_as_i6478, 9221120237041090560
  %is_float80.not = icmp eq i64 %check_qnan79, 9221120237041090560
  %tag_bits81 = lshr i64 %float_as_i6478, 48
  %tag82 = and i64 %tag_bits81, 7
  %is_bool83 = icmp eq i64 %tag82, 1
  %is_string84 = icmp eq i64 %tag82, 2
  %is_list85 = icmp eq i64 %tag82, 3
  %6 = trunc i64 %tag_bits81 to i3
  %7 = select i1 %is_bool83, i3 2, i3 %6
  %8 = select i1 %is_string84, i3 3, i3 %7
  %9 = select i1 %is_list85, i3 -4, i3 %8
  %extract_payload93 = and i64 %float_as_i6478, 281474976710655
  %is_negative95.not = icmp ult i64 %extract_payload93, 140737488355328
  %masksel170 = select i1 %is_negative95.not, i64 0, i64 -281474976710656
  %signed_payload97 = or disjoint i64 %masksel170, %extract_payload93
  %payload_to_f6498 = sitofp i64 %signed_payload97 to double
  %final_payload99 = select i1 %is_float80.not, double %payload_to_f6498, double %acc_next75182.lcssa
  %trunc171 = select i1 %is_float80.not, i3 %9, i3 1
  switch i3 %trunc171, label %print_float104 [
    i3 3, label %print_string105
    i3 0, label %print_int103
  ]

print_int103:                                     ; preds = %arr_loop_end68
  %to_int107 = fptosi double %final_payload99 to i64
  %printf_int108 = tail call i32 (ptr, ...) @printf(ptr nonnull dereferenceable(1) @int_format_string.4, i64 %to_int107)
  br label %print_end106

print_float104:                                   ; preds = %arr_loop_end68
  %printf_float109 = tail call i32 (ptr, ...) @printf(ptr nonnull dereferenceable(1) @float_format_string.2, double %final_payload99)
  br label %print_end106

print_string105:                                  ; preds = %arr_loop_end68
  %payload_to_ptr111 = inttoptr i64 %extract_payload93 to ptr
  %puts172 = tail call i32 @puts(ptr nonnull dereferenceable(1) %payload_to_ptr111)
  br label %print_end106

print_end106:                                     ; preds = %print_string105, %print_float104, %print_int103
  %payload_to_arr_ptr115 = inttoptr i64 %arr_ptr_payload42 to ptr
  %size_ptr116 = getelementptr inbounds i64, ptr %payload_to_arr_ptr115, i64 2
  %arr_size117 = load i64, ptr %size_ptr116, align 4
  %data_ptr118 = getelementptr inbounds i64, ptr %payload_to_arr_ptr115, i64 5
  %loop_cont125188.not = icmp eq i64 %arr_size117, 0
  br i1 %loop_cont125188.not, label %print_int156.thread, label %arr_loop_body122.preheader

arr_loop_body122.preheader:                       ; preds = %print_end106
  %min.iters.check = icmp ult i64 %arr_size117, 4
  br i1 %min.iters.check, label %arr_loop_body122.preheader199, label %vector.ph

vector.ph:                                        ; preds = %arr_loop_body122.preheader
  %n.vec = and i64 %arr_size117, -4
  br label %vector.body

vector.body:                                      ; preds = %vector.body, %vector.ph
  %index = phi i64 [ 0, %vector.ph ], [ %index.next, %vector.body ]
  %vec.phi = phi <2 x i64> [ zeroinitializer, %vector.ph ], [ %14, %vector.body ]
  %vec.phi197 = phi <2 x i64> [ zeroinitializer, %vector.ph ], [ %15, %vector.body ]
  %10 = getelementptr inbounds i64, ptr %data_ptr118, i64 %index
  %11 = getelementptr inbounds i64, ptr %10, i64 2
  %wide.load = load <2 x i64>, ptr %10, align 4
  %wide.load198 = load <2 x i64>, ptr %11, align 4
  %12 = freeze <2 x i64> %wide.load
  %13 = freeze <2 x i64> %wide.load198
  %14 = add <2 x i64> %12, %vec.phi
  %15 = add <2 x i64> %13, %vec.phi197
  %index.next = add nuw i64 %index, 4
  %16 = icmp eq i64 %index.next, %n.vec
  br i1 %16, label %middle.block, label %vector.body, !llvm.loop !3

middle.block:                                     ; preds = %vector.body
  %bin.rdx = add <2 x i64> %15, %14
  %17 = tail call i64 @llvm.vector.reduce.add.v2i64(<2 x i64> %bin.rdx)
  %cmp.n = icmp eq i64 %arr_size117, %n.vec
  br i1 %cmp.n, label %print_int156, label %arr_loop_body122.preheader199

arr_loop_body122.preheader199:                    ; preds = %arr_loop_body122.preheader, %middle.block
  %storemerge173190.ph = phi i64 [ 0, %arr_loop_body122.preheader ], [ %n.vec, %middle.block ]
  %acc_next129187189.ph = phi i64 [ 0, %arr_loop_body122.preheader ], [ %17, %middle.block ]
  br label %arr_loop_body122

arr_loop_body122:                                 ; preds = %arr_loop_body122.preheader199, %arr_loop_body122
  %storemerge173190 = phi i64 [ %i_next130, %arr_loop_body122 ], [ %storemerge173190.ph, %arr_loop_body122.preheader199 ]
  %acc_next129187189 = phi i64 [ %acc_next129, %arr_loop_body122 ], [ %acc_next129187189.ph, %arr_loop_body122.preheader199 ]
  %elem_ptr128 = getelementptr inbounds i64, ptr %data_ptr118, i64 %storemerge173190
  %elem_i = load i64, ptr %elem_ptr128, align 4
  %elem_i.fr = freeze i64 %elem_i
  %acc_next129 = add i64 %elem_i.fr, %acc_next129187189
  %i_next130 = add nuw i64 %storemerge173190, 1
  %loop_cont125 = icmp ult i64 %i_next130, %arr_size117
  br i1 %loop_cont125, label %arr_loop_body122, label %print_int156, !llvm.loop !6

print_int156:                                     ; preds = %arr_loop_body122, %middle.block
  %acc_next129.lcssa = phi i64 [ %17, %middle.block ], [ %acc_next129, %arr_loop_body122 ]
  %18 = and i64 %acc_next129.lcssa, 281474976710655
  %is_negative148.not = icmp ult i64 %18, 140737488355328
  %spec.select = select i1 %is_negative148.not, i64 0, i64 -281474976710656
  %19 = or disjoint i64 %spec.select, %18
  %20 = sitofp i64 %19 to double
  %21 = fptosi double %20 to i64
  br label %print_int156.thread

print_int156.thread:                              ; preds = %print_int156, %print_end106
  %signed_payload150 = phi i64 [ 0, %print_end106 ], [ %21, %print_int156 ]
  %printf_int161 = tail call i32 (ptr, ...) @printf(ptr nonnull dereferenceable(1) @int_format_string.4, i64 %signed_payload150)
  ret i32 0
}

; Function Attrs: mustprogress nofree nounwind willreturn allockind("alloc,uninitialized") allocsize(0) memory(inaccessiblemem: readwrite)
declare noalias noundef ptr @malloc(i64 noundef) local_unnamed_addr #1

; Function Attrs: nofree nounwind
declare noundef i32 @printf(ptr nocapture noundef readonly, ...) local_unnamed_addr #0

; Function Attrs: nofree nounwind
declare noundef i32 @puts(ptr nocapture noundef readonly) local_unnamed_addr #0

; Function Attrs: nocallback nofree nounwind willreturn memory(argmem: write)
declare void @llvm.memset.p0.i64(ptr nocapture writeonly, i8, i64, i1 immarg) #2

; Function Attrs: nocallback nofree nosync nounwind speculatable willreturn memory(none)
declare i64 @llvm.vector.reduce.add.v2i64(<2 x i64>) #3

attributes #0 = { nofree nounwind }
attributes #1 = { mustprogress nofree nounwind willreturn allockind("alloc,uninitialized") allocsize(0) memory(inaccessiblemem: readwrite) "alloc-family"="malloc" }
attributes #2 = { nocallback nofree nounwind willreturn memory(argmem: write) }
attributes #3 = { nocallback nofree nosync nounwind speculatable willreturn memory(none) }

!0 = distinct !{!0, !1}
!1 = !{!"llvm.loop.unroll.disable"}
!2 = distinct !{!2, !1}
!3 = distinct !{!3, !4, !5}
!4 = !{!"llvm.loop.isvectorized", i32 1}
!5 = !{!"llvm.loop.unroll.runtime.disable"}
!6 = distinct !{!6, !5, !4}
